** Drc report for coupon.kicad_pcb **
** Created on 2026-09-02T18:43:58 **
** Report includes: Errors, Warnings **

** Found 119 DRC violations **
[silk_overlap]: Silkscreen clearance
    Rule: Einschränkungen aus Platinenkonfiguration zum Bestückungsdruck; warning
    @(6.0000 mm, 64.3520 mm): Reference field of TP_AUDIO_L
    @(10.0000 mm, 64.3520 mm): Reference field of TP_AGND
[silk_overlap]: Silkscreen clearance
    Rule: Einschränkungen aus Platinenkonfiguration zum Bestückungsdruck; warning
    @(10.0000 mm, 64.3520 mm): Reference field of TP_AGND
    @(14.0000 mm, 64.3520 mm): Reference field of TP_A3V3
[silk_overlap]: Silkscreen clearance
    Rule: Einschränkungen aus Platinenkonfiguration zum Bestückungsdruck; warning
    @(10.0400 mm, 9.8600 mm): Segment of D2 on F.Silkscreen
    @(12.3500 mm, 8.0000 mm): Reference field of R_LED2
[silk_overlap]: Silkscreen clearance
    Rule: Einschränkungen aus Platinenkonfiguration zum Bestückungsdruck; warning
    @(10.0400 mm, 9.8600 mm): Segment of D2 on F.Silkscreen
    @(12.3500 mm, 12.0000 mm): Reference field of R_LED3
[silk_overlap]: Silkscreen clearance
    Rule: Einschränkungen aus Platinenkonfiguration zum Bestückungsdruck; warning
    @(12.3500 mm, 8.0000 mm): Reference field of R_LED2
    @(11.9600 mm, 9.8600 mm): Segment of D2 on F.Silkscreen
[silk_overlap]: Silkscreen clearance
    Rule: Einschränkungen aus Platinenkonfiguration zum Bestückungsdruck; warning
    @(11.9600 mm, 9.8600 mm): Segment of D2 on F.Silkscreen
    @(12.3500 mm, 12.0000 mm): Reference field of R_LED3
[silk_overlap]: Silkscreen clearance
    Rule: Einschränkungen aus Platinenkonfiguration zum Bestückungsdruck; warning
    @(12.3500 mm, 8.0000 mm): Reference field of R_LED2
    @(12.3500 mm, 12.0000 mm): Reference field of R_LED3
[silk_overlap]: Silkscreen clearance
    Rule: Einschränkungen aus Platinenkonfiguration zum Bestückungsdruck; warning
    @(12.3500 mm, 4.0000 mm): Reference field of R_LED1
    @(12.3500 mm, 8.0000 mm): Reference field of R_LED2
[silk_overlap]: Silkscreen clearance
    Rule: Einschränkungen aus Platinenkonfiguration zum Bestückungsdruck; warning
    @(12.3500 mm, 8.0000 mm): Reference field of R_LED2
    @(10.0400 mm, 5.8600 mm): Segment of D1 on F.Silkscreen
[silk_overlap]: Silkscreen clearance
    Rule: Einschränkungen aus Platinenkonfiguration zum Bestückungsdruck; warning
    @(11.9600 mm, 5.8600 mm): Segment of D1 on F.Silkscreen
    @(12.3500 mm, 8.0000 mm): Reference field of R_LED2
[silk_overlap]: Silkscreen clearance
    Rule: Einschränkungen aus Platinenkonfiguration zum Bestückungsdruck; warning
    @(12.3500 mm, 4.0000 mm): Reference field of R_LED1
    @(10.0400 mm, 5.8600 mm): Segment of D1 on F.Silkscreen
[silk_overlap]: Silkscreen clearance
    Rule: Einschränkungen aus Platinenkonfiguration zum Bestückungsdruck; warning
    @(12.3500 mm, 4.0000 mm): Reference field of R_LED1
    @(11.9600 mm, 5.8600 mm): Segment of D1 on F.Silkscreen
[silk_overlap]: Silkscreen clearance
    Rule: Einschränkungen aus Platinenkonfiguration zum Bestückungsdruck; warning
    @(12.3500 mm, 28.0000 mm): Reference field of R_LED7
    @(12.3500 mm, 32.0000 mm): Reference field of R_LED8
[silk_overlap]: Silkscreen clearance
    Rule: Einschränkungen aus Platinenkonfiguration zum Bestückungsdruck; warning
    @(12.3500 mm, 28.0000 mm): Reference field of R_LED7
    @(11.9600 mm, 29.8600 mm): Segment of D7 on F.Silkscreen
[silk_overlap]: Silkscreen clearance
    Rule: Einschränkungen aus Platinenkonfiguration zum Bestückungsdruck; warning
    @(12.3500 mm, 32.0000 mm): Reference field of R_LED8
    @(11.9600 mm, 29.8600 mm): Segment of D7 on F.Silkscreen
[silk_overlap]: Silkscreen clearance
    Rule: Einschränkungen aus Platinenkonfiguration zum Bestückungsdruck; warning
    @(12.3500 mm, 32.0000 mm): Reference field of R_LED8
    @(10.0400 mm, 33.8600 mm): Segment of D8 on F.Silkscreen
[silk_overlap]: Silkscreen clearance
    Rule: Einschränkungen aus Platinenkonfiguration zum Bestückungsdruck; warning
    @(12.3500 mm, 32.0000 mm): Reference field of R_LED8
    @(11.9600 mm, 33.8600 mm): Segment of D8 on F.Silkscreen
[silk_overlap]: Silkscreen clearance
    Rule: Einschränkungen aus Platinenkonfiguration zum Bestückungsdruck; warning
    @(10.0400 mm, 29.8600 mm): Segment of D7 on F.Silkscreen
    @(12.3500 mm, 28.0000 mm): Reference field of R_LED7
[silk_overlap]: Silkscreen clearance
    Rule: Einschränkungen aus Platinenkonfiguration zum Bestückungsdruck; warning
    @(10.0400 mm, 29.8600 mm): Segment of D7 on F.Silkscreen
    @(12.3500 mm, 32.0000 mm): Reference field of R_LED8
[silk_overlap]: Silkscreen clearance
    Rule: Einschränkungen aus Platinenkonfiguration zum Bestückungsdruck; warning
    @(5.8000 mm, 32.2050 mm): Reference field of C_IN1
    @(5.0000 mm, 33.6250 mm): Reference field of U_IN1
[silk_overlap]: Silkscreen clearance
    Rule: Einschränkungen aus Platinenkonfiguration zum Bestückungsdruck; warning
    @(12.3500 mm, 24.0000 mm): Reference field of R_LED6
    @(12.3500 mm, 28.0000 mm): Reference field of R_LED7
[silk_overlap]: Silkscreen clearance
    Rule: Einschränkungen aus Platinenkonfiguration zum Bestückungsdruck; warning
    @(12.3500 mm, 28.0000 mm): Reference field of R_LED7
    @(11.9600 mm, 25.8600 mm): Segment of D6 on F.Silkscreen
[silk_overlap]: Silkscreen clearance
    Rule: Einschränkungen aus Platinenkonfiguration zum Bestückungsdruck; warning
    @(12.3500 mm, 20.0000 mm): Reference field of R_LED5
    @(12.3500 mm, 16.0000 mm): Reference field of R_LED4
[silk_overlap]: Silkscreen clearance
    Rule: Einschränkungen aus Platinenkonfiguration zum Bestückungsdruck; warning
    @(11.9600 mm, 17.8600 mm): Segment of D4 on F.Silkscreen
    @(12.3500 mm, 16.0000 mm): Reference field of R_LED4
[silk_overlap]: Silkscreen clearance
    Rule: Einschränkungen aus Platinenkonfiguration zum Bestückungsdruck; warning
    @(10.0400 mm, 17.8600 mm): Segment of D4 on F.Silkscreen
    @(12.3500 mm, 16.0000 mm): Reference field of R_LED4
[silk_overlap]: Silkscreen clearance
    Rule: Einschränkungen aus Platinenkonfiguration zum Bestückungsdruck; warning
    @(10.0400 mm, 25.8600 mm): Segment of D6 on F.Silkscreen
    @(12.3500 mm, 28.0000 mm): Reference field of R_LED7
[silk_overlap]: Silkscreen clearance
    Rule: Einschränkungen aus Platinenkonfiguration zum Bestückungsdruck; warning
    @(10.0400 mm, 25.8600 mm): Segment of D6 on F.Silkscreen
    @(12.3500 mm, 24.0000 mm): Reference field of R_LED6
[silk_overlap]: Silkscreen clearance
    Rule: Einschränkungen aus Platinenkonfiguration zum Bestückungsdruck; warning
    @(12.3500 mm, 24.0000 mm): Reference field of R_LED6
    @(11.9600 mm, 25.8600 mm): Segment of D6 on F.Silkscreen
[silk_overlap]: Silkscreen clearance
    Rule: Einschränkungen aus Platinenkonfiguration zum Bestückungsdruck; warning
    @(12.3500 mm, 24.0000 mm): Reference field of R_LED6
    @(12.3500 mm, 20.0000 mm): Reference field of R_LED5
[silk_overlap]: Silkscreen clearance
    Rule: Einschränkungen aus Platinenkonfiguration zum Bestückungsdruck; warning
    @(10.0400 mm, 21.8600 mm): Segment of D5 on F.Silkscreen
    @(12.3500 mm, 20.0000 mm): Reference field of R_LED5
[silk_overlap]: Silkscreen clearance
    Rule: Einschränkungen aus Platinenkonfiguration zum Bestückungsdruck; warning
    @(11.9600 mm, 21.8600 mm): Segment of D5 on F.Silkscreen
    @(12.3500 mm, 20.0000 mm): Reference field of R_LED5
[silk_overlap]: Silkscreen clearance
    Rule: Einschränkungen aus Platinenkonfiguration zum Bestückungsdruck; warning
    @(12.3500 mm, 24.0000 mm): Reference field of R_LED6
    @(10.0400 mm, 21.8600 mm): Segment of D5 on F.Silkscreen
[silk_overlap]: Silkscreen clearance
    Rule: Einschränkungen aus Platinenkonfiguration zum Bestückungsdruck; warning
    @(12.3500 mm, 24.0000 mm): Reference field of R_LED6
    @(11.9600 mm, 21.8600 mm): Segment of D5 on F.Silkscreen
[silk_overlap]: Silkscreen clearance
    Rule: Einschränkungen aus Platinenkonfiguration zum Bestückungsdruck; warning
    @(76.2600 mm, 48.1000 mm): Reference field of JP_GND
    @(84.0000 mm, 46.0000 mm): Segment of U_SM on F.Silkscreen
[silk_overlap]: Silkscreen clearance
    Rule: Einschränkungen aus Platinenkonfiguration zum Bestückungsdruck; warning
    @(84.0000 mm, 46.0000 mm): Segment of U_SM on F.Silkscreen
    @(83.8800 mm, 48.1000 mm): Reference field of JP_3V3
[silk_overlap]: Silkscreen clearance
    Rule: Einschränkungen aus Platinenkonfiguration zum Bestückungsdruck; warning
    @(65.0000 mm, 67.8500 mm): Reference field of R_REFC1
    @(60.0000 mm, 67.8500 mm): Reference field of R_REFB2
[silk_overlap]: Silkscreen clearance
    Rule: Einschränkungen aus Platinenkonfiguration zum Bestückungsdruck; warning
    @(65.0000 mm, 63.8500 mm): Reference field of R_REFA2
    @(60.0000 mm, 63.8500 mm): Reference field of R_REFA1
[silk_overlap]: Silkscreen clearance
    Rule: Einschränkungen aus Platinenkonfiguration zum Bestückungsdruck; warning
    @(12.3500 mm, 12.0000 mm): Reference field of R_LED3
    @(11.9600 mm, 13.8600 mm): Segment of D3 on F.Silkscreen
[silk_overlap]: Silkscreen clearance
    Rule: Einschränkungen aus Platinenkonfiguration zum Bestückungsdruck; warning
    @(5.0000 mm, 4.3450 mm): Reference field of U_SR1
    @(5.8000 mm, 2.9250 mm): Reference field of C_SR1
[silk_overlap]: Silkscreen clearance
    Rule: Einschränkungen aus Platinenkonfiguration zum Bestückungsdruck; warning
    @(5.8000 mm, 2.9250 mm): Reference field of C_SR1
    @(2.9400 mm, 5.1850 mm): Segment of U_SR1 on F.Silkscreen
[silk_overlap]: Silkscreen clearance
    Rule: Einschränkungen aus Platinenkonfiguration zum Bestückungsdruck; warning
    @(12.3500 mm, 12.0000 mm): Reference field of R_LED3
    @(12.3500 mm, 16.0000 mm): Reference field of R_LED4
[silk_overlap]: Silkscreen clearance
    Rule: Einschränkungen aus Platinenkonfiguration zum Bestückungsdruck; warning
    @(10.0400 mm, 13.8600 mm): Segment of D3 on F.Silkscreen
    @(12.3500 mm, 12.0000 mm): Reference field of R_LED3
[silk_overlap]: Silkscreen clearance
    Rule: Einschränkungen aus Platinenkonfiguration zum Bestückungsdruck; warning
    @(10.0400 mm, 13.8600 mm): Segment of D3 on F.Silkscreen
    @(12.3500 mm, 16.0000 mm): Reference field of R_LED4
[silk_overlap]: Silkscreen clearance
    Rule: Einschränkungen aus Platinenkonfiguration zum Bestückungsdruck; warning
    @(11.9600 mm, 13.8600 mm): Segment of D3 on F.Silkscreen
    @(12.3500 mm, 16.0000 mm): Reference field of R_LED4
[silk_overlap]: Silkscreen clearance
    Rule: Einschränkungen aus Platinenkonfiguration zum Bestückungsdruck; warning
    @(12.3500 mm, 20.0000 mm): Reference field of R_LED5
    @(10.0400 mm, 17.8600 mm): Segment of D4 on F.Silkscreen
[silk_overlap]: Silkscreen clearance
    Rule: Einschränkungen aus Platinenkonfiguration zum Bestückungsdruck; warning
    @(5.8000 mm, 17.5650 mm): Reference field of C_SR2
    @(5.0000 mm, 18.9850 mm): Reference field of U_SR2
[silk_overlap]: Silkscreen clearance
    Rule: Einschränkungen aus Platinenkonfiguration zum Bestückungsdruck; warning
    @(2.9400 mm, 19.8250 mm): Segment of U_SR2 on F.Silkscreen
    @(5.8000 mm, 17.5650 mm): Reference field of C_SR2
[silk_overlap]: Silkscreen clearance
    Rule: Einschränkungen aus Platinenkonfiguration zum Bestückungsdruck; warning
    @(7.0600 mm, 15.3050 mm): Segment of U_SR1 on F.Silkscreen
    @(5.8000 mm, 17.5650 mm): Reference field of C_SR2
[silk_overlap]: Silkscreen clearance
    Rule: Einschränkungen aus Platinenkonfiguration zum Bestückungsdruck; warning
    @(60.0000 mm, 71.8500 mm): Reference field of R_SP10
    @(57.6400 mm, 71.7100 mm): Reference field of RV7
[silk_overlap]: Silkscreen clearance
    Rule: Einschränkungen aus Platinenkonfiguration zum Bestückungsdruck; warning
    @(65.0000 mm, 75.8500 mm): Reference field of R_SP14
    @(60.0000 mm, 75.8500 mm): Reference field of R_SP13
[silk_overlap]: Silkscreen clearance
    Rule: Einschränkungen aus Platinenkonfiguration zum Bestückungsdruck; warning
    @(60.0000 mm, 71.8500 mm): Reference field of R_SP10
    @(65.0000 mm, 71.8500 mm): Reference field of R_SP11
[silk_overlap]: Silkscreen clearance
    Rule: Einschränkungen aus Platinenkonfiguration zum Bestückungsdruck; warning
    @(77.8900 mm, 49.0000 mm): Reference field of R_S16
    @(77.7350 mm, 49.2271 mm): Segment of R_S8 on F.Silkscreen
[silk_overlap]: Silkscreen clearance
    Rule: Einschränkungen aus Platinenkonfiguration zum Bestückungsdruck; warning
    @(75.3500 mm, 49.0000 mm): Reference field of R_S8
    @(75.4600 mm, 46.7000 mm): Segment of JP_GND on F.Silkscreen
[silk_overlap]: Silkscreen clearance
    Rule: Einschränkungen aus Platinenkonfiguration zum Bestückungsdruck; warning
    @(76.2600 mm, 48.1000 mm): Reference field of JP_GND
    @(75.3500 mm, 49.0000 mm): Reference field of R_S8
[silk_overlap]: Silkscreen clearance
    Rule: Einschränkungen aus Platinenkonfiguration zum Bestückungsdruck; warning
    @(82.5000 mm, 53.6800 mm): Reference field of C_COM16
    @(84.1400 mm, 54.1900 mm): Segment of U_MUX16 on F.Silkscreen
[silk_overlap]: Silkscreen clearance
    Rule: Einschränkungen aus Platinenkonfiguration zum Bestückungsdruck; warning
    @(88.0000 mm, 53.3500 mm): Reference field of U_MUX16
    @(82.5000 mm, 53.6800 mm): Reference field of C_COM16
[silk_overlap]: Silkscreen clearance
    Rule: Einschränkungen aus Platinenkonfiguration zum Bestückungsdruck; warning
    @(88.0000 mm, 53.3500 mm): Reference field of U_MUX16
    @(86.5000 mm, 52.0000 mm): Circle of TP_COM16 on F.Silkscreen
[silk_overlap]: Silkscreen clearance
    Rule: Einschränkungen aus Platinenkonfiguration zum Bestückungsdruck; warning
    @(82.5000 mm, 53.6800 mm): Reference field of C_COM16
    @(84.1400 mm, 54.4550 mm): Segment of U_MUX16 on F.Silkscreen
[silk_overlap]: Silkscreen clearance
    Rule: Einschränkungen aus Platinenkonfiguration zum Bestückungsdruck; warning
    @(88.0000 mm, 53.3500 mm): Reference field of U_MUX16
    @(90.9700 mm, 52.0000 mm): Reference field of C_M16
[silk_overlap]: Silkscreen clearance
    Rule: Einschränkungen aus Platinenkonfiguration zum Bestückungsdruck; warning
    @(90.9700 mm, 52.0000 mm): Reference field of C_M16
    @(84.1400 mm, 54.1900 mm): Segment of U_MUX16 on F.Silkscreen
[silk_overlap]: Silkscreen clearance
    Rule: Einschränkungen aus Platinenkonfiguration zum Bestückungsdruck; warning
    @(94.8500 mm, 66.0000 mm): Reference field of R_LO4
    @(94.8500 mm, 62.0000 mm): Reference field of R_HI4
[silk_overlap]: Silkscreen clearance
    Rule: Einschränkungen aus Platinenkonfiguration zum Bestückungsdruck; warning
    @(94.8200 mm, 57.0000 mm): Reference field of C_BA3V3
    @(94.8500 mm, 62.0000 mm): Reference field of R_HI4
[silk_overlap]: Silkscreen clearance
    Rule: Einschränkungen aus Platinenkonfiguration zum Bestückungsdruck; warning
    @(86.0000 mm, 70.3500 mm): Reference field of R_HI1
    @(84.1400 mm, 69.8100 mm): Segment of U_MUX16 on F.Silkscreen
[silk_overlap]: Silkscreen clearance
    Rule: Einschränkungen aus Platinenkonfiguration zum Bestückungsdruck; warning
    @(91.8600 mm, 69.8100 mm): Segment of U_MUX16 on F.Silkscreen
    @(86.0000 mm, 70.3500 mm): Reference field of R_HI1
[silk_overlap]: Silkscreen clearance
    Rule: Einschränkungen aus Platinenkonfiguration zum Bestückungsdruck; warning
    @(91.8600 mm, 69.5450 mm): Segment of U_MUX16 on F.Silkscreen
    @(91.0000 mm, 70.3500 mm): Reference field of R_LO1
[silk_overlap]: Silkscreen clearance
    Rule: Einschränkungen aus Platinenkonfiguration zum Bestückungsdruck; warning
    @(91.0000 mm, 70.3500 mm): Reference field of R_LO1
    @(91.8600 mm, 69.8100 mm): Segment of U_MUX16 on F.Silkscreen
[silk_overlap]: Silkscreen clearance
    Rule: Einschränkungen aus Platinenkonfiguration zum Bestückungsdruck; warning
    @(77.3000 mm, 54.7300 mm): Reference field of C_M8
    @(76.5000 mm, 56.1000 mm): Reference field of U_MUX8
[silk_overlap]: Silkscreen clearance
    Rule: Einschränkungen aus Platinenkonfiguration zum Bestückungsdruck; warning
    @(77.3000 mm, 54.7300 mm): Reference field of C_M8
    @(74.0200 mm, 53.6520 mm): Reference field of TP_COM8
[silk_overlap]: Silkscreen clearance
    Rule: Einschränkungen aus Platinenkonfiguration zum Bestückungsdruck; warning
    @(82.5000 mm, 53.6800 mm): Reference field of C_COM16
    @(83.3500 mm, 54.4500 mm): Polygon of U_MUX16 on F.Silkscreen
[silk_overlap]: Silkscreen clearance
    Rule: Einschränkungen aus Platinenkonfiguration zum Bestückungsdruck; warning
    @(72.3400 mm, 51.8000 mm): Reference field of C_COM8
    @(74.0200 mm, 53.6520 mm): Reference field of TP_COM8
[silk_overlap]: Silkscreen clearance
    Rule: Einschränkungen aus Platinenkonfiguration zum Bestückungsdruck; warning
    @(86.5000 mm, 50.3520 mm): Reference field of TP_COM16
    @(83.8800 mm, 48.1000 mm): Reference field of JP_3V3
[silk_overlap]: Silkscreen clearance
    Rule: Einschränkungen aus Platinenkonfiguration zum Bestückungsdruck; warning
    @(84.0000 mm, 6.0000 mm): Segment of U_SM on F.Silkscreen
    @(83.8800 mm, 48.1000 mm): Reference field of JP_3V3
[silk_overlap]: Silkscreen clearance
    Rule: Einschränkungen aus Platinenkonfiguration zum Bestückungsdruck; warning
    @(83.0200 mm, 32.3500 mm): Footprint text of U_SM (INSTALL ON
THIS SIDE)
    @(84.7100 mm, 37.3700 mm): Segment of J_PWR on F.Silkscreen
[silk_overlap]: Silkscreen clearance
    Rule: Einschränkungen aus Platinenkonfiguration zum Bestückungsdruck; warning
    @(89.2500 mm, 6.0000 mm): Reference field of SW1
    @(88.1000 mm, 8.2200 mm): Reference field of U_SM
[silk_overlap]: Silkscreen clearance
    Rule: Einschränkungen aus Platinenkonfiguration zum Bestückungsdruck; warning
    @(91.5000 mm, 7.0000 mm): Segment of SW1 on F.Silkscreen
    @(88.1000 mm, 8.2200 mm): Reference field of U_SM
[silk_overlap]: Silkscreen clearance
    Rule: Einschränkungen aus Platinenkonfiguration zum Bestückungsdruck; warning
    @(86.0000 mm, 1.3520 mm): Reference field of TP_ADC11
    @(90.0000 mm, 1.3520 mm): Reference field of TP_ADC12
[silk_overlap]: Silkscreen clearance
    Rule: Einschränkungen aus Platinenkonfiguration zum Bestückungsdruck; warning
    @(83.0200 mm, 32.3500 mm): Footprint text of U_SM (INSTALL ON
THIS SIDE)
    @(86.0200 mm, 29.1300 mm): Segment of J_PWR on F.Silkscreen
[silk_overlap]: Silkscreen clearance
    Rule: Einschränkungen aus Platinenkonfiguration zum Bestückungsdruck; warning
    @(83.0200 mm, 32.3500 mm): Footprint text of U_SM (INSTALL ON
THIS SIDE)
    @(86.0200 mm, 36.0700 mm): Segment of J_PWR on F.Silkscreen
[silk_overlap]: Silkscreen clearance
    Rule: Einschränkungen aus Platinenkonfiguration zum Bestückungsdruck; warning
    @(83.0200 mm, 32.3500 mm): Footprint text of U_SM (INSTALL ON
THIS SIDE)
    @(92.5200 mm, 18.0900 mm): Segment of J_PWR on F.Silkscreen
[silk_overlap]: Silkscreen clearance
    Rule: Einschränkungen aus Platinenkonfiguration zum Bestückungsdruck; warning
    @(96.5000 mm, 30.3520 mm): Reference field of TP_3V3
    @(94.8200 mm, 28.0000 mm): Reference field of C_B3V3
[silk_overlap]: Silkscreen clearance
    Rule: Einschränkungen aus Platinenkonfiguration zum Bestückungsdruck; warning
    @(94.8200 mm, 28.0000 mm): Reference field of C_B3V3
    @(94.8200 mm, 24.0000 mm): Reference field of C_BN12
[silk_overlap]: Silkscreen clearance
    Rule: Einschränkungen aus Platinenkonfiguration zum Bestückungsdruck; warning
    @(84.0000 mm, 6.0000 mm): Segment of U_SM on F.Silkscreen
    @(83.0200 mm, 32.3500 mm): Footprint text of U_SM (INSTALL ON
THIS SIDE)
[silk_overlap]: Silkscreen clearance
    Rule: Einschränkungen aus Platinenkonfiguration zum Bestückungsdruck; warning
    @(84.0000 mm, 6.0000 mm): Segment of U_SM on F.Silkscreen
    @(83.3200 mm, 22.5000 mm): Segment of J_PWR on F.Silkscreen
[silk_overlap]: Silkscreen clearance
    Rule: Einschränkungen aus Platinenkonfiguration zum Bestückungsdruck; warning
    @(84.0000 mm, 6.0000 mm): Segment of U_SM on F.Silkscreen
    @(84.3200 mm, 22.0000 mm): Segment of J_PWR on F.Silkscreen
[silk_overlap]: Silkscreen clearance
    Rule: Einschränkungen aus Platinenkonfiguration zum Bestückungsdruck; warning
    @(96.5000 mm, 30.3520 mm): Reference field of TP_3V3
    @(93.8300 mm, 16.7900 mm): Segment of J_PWR on F.Silkscreen
[silk_overlap]: Silkscreen clearance
    Rule: Einschränkungen aus Platinenkonfiguration zum Bestückungsdruck; warning
    @(94.0000 mm, 1.3520 mm): Reference field of TP_GND
    @(90.0000 mm, 1.3520 mm): Reference field of TP_ADC12
[silk_overlap]: Silkscreen clearance
    Rule: Einschränkungen aus Platinenkonfiguration zum Bestückungsdruck; warning
    @(97.0000 mm, 2.3520 mm): Reference field of TP_CLK
    @(94.0000 mm, 1.3520 mm): Reference field of TP_GND
[silk_overlap]: Silkscreen clearance
    Rule: Einschränkungen aus Platinenkonfiguration zum Bestückungsdruck; warning
    @(97.0000 mm, 2.3520 mm): Reference field of TP_CLK
    @(94.0000 mm, 3.0000 mm): Circle of TP_GND on F.Silkscreen
[silk_overlap]: Silkscreen clearance
    Rule: Einschränkungen aus Platinenkonfiguration zum Bestückungsdruck; warning
    @(70.0000 mm, 67.8500 mm): Reference field of R_REFC2
    @(65.0000 mm, 67.8500 mm): Reference field of R_REFC1
[silk_overlap]: Silkscreen clearance
    Rule: Einschränkungen aus Platinenkonfiguration zum Bestückungsdruck; warning
    @(70.0000 mm, 75.8500 mm): Reference field of R_SP15
    @(65.0000 mm, 75.8500 mm): Reference field of R_SP14
[silk_overlap]: Silkscreen clearance
    Rule: Einschränkungen aus Platinenkonfiguration zum Bestückungsdruck; warning
    @(70.0000 mm, 71.8500 mm): Reference field of R_SP12
    @(65.0000 mm, 71.8500 mm): Reference field of R_SP11
[silk_overlap]: Silkscreen clearance
    Rule: Einschränkungen aus Platinenkonfiguration zum Bestückungsdruck; warning
    @(76.5000 mm, 56.1000 mm): Reference field of U_MUX8
    @(74.0200 mm, 55.3000 mm): Circle of TP_COM8 on F.Silkscreen
[silk_overlap]: Silkscreen clearance
    Rule: Einschränkungen aus Platinenkonfiguration zum Bestückungsdruck; warning
    @(76.5000 mm, 56.1000 mm): Reference field of U_MUX8
    @(73.9000 mm, 56.9900 mm): Polygon of U_MUX8 on F.Silkscreen
[silk_overlap]: Silkscreen clearance
    Rule: Einschränkungen aus Platinenkonfiguration zum Bestückungsdruck; warning
    @(70.0000 mm, 63.8500 mm): Reference field of R_REFB1
    @(65.0000 mm, 63.8500 mm): Reference field of R_REFA2
[silk_over_copper]: Silkscreen clipped by solder mask
    Local override; warning
    @(44.1400 mm, 57.2100 mm): Reference field of RV2
    @(45.7000 mm, 58.0000 mm): PTH pad [<no net>] of RV3
[silk_over_copper]: Silkscreen clipped by solder mask
    Local override; warning
    @(30.6400 mm, 57.2100 mm): Reference field of RV1
    @(32.2000 mm, 58.0000 mm): PTH pad [<no net>] of RV2
[silk_over_copper]: Silkscreen clipped by solder mask
    Local override; warning
    @(30.6400 mm, 71.7100 mm): Reference field of RV5
    @(32.2000 mm, 72.5000 mm): PTH pad [<no net>] of RV6
[silk_over_copper]: Silkscreen clipped by solder mask
    Local override; warning
    @(44.1400 mm, 71.7100 mm): Reference field of RV6
    @(45.7000 mm, 72.5000 mm): PTH pad [<no net>] of RV7
[silk_over_copper]: Silkscreen clipped by solder mask
    Local override; warning
    @(57.6400 mm, 57.2100 mm): Reference field of RV3
    @(59.2000 mm, 58.0000 mm): PTH pad [<no net>] of RV4
[silk_over_copper]: Silkscreen clipped by solder mask
    Local override; warning
    @(5.0000 mm, 4.3450 mm): Reference field of U_SR1
    @(7.4800 mm, 3.9625 mm): Pad 1 [+3V3] of C_SR1 on F.Cu
[silk_over_copper]: Silkscreen clipped by solder mask
    Local override; warning
    @(5.0000 mm, 18.9850 mm): Reference field of U_SR2
    @(7.4800 mm, 18.6025 mm): Pad 1 [+3V3] of C_SR2 on F.Cu
[silk_over_copper]: Silkscreen clipped by solder mask
    Local override; warning
    @(77.8900 mm, 49.0000 mm): Reference field of R_S16
    @(77.0000 mm, 48.0000 mm): Pad 2 [SENSE_ADC10_MUX8] of R_S8 on F.Cu
[silk_over_copper]: Silkscreen clipped by solder mask
    Local override; warning
    @(76.2600 mm, 48.1000 mm): Reference field of JP_GND
    @(77.0000 mm, 48.0000 mm): Pad 2 [SENSE_ADC10_MUX8] of R_S8 on F.Cu
[silk_over_copper]: Silkscreen clipped by solder mask
    Local override; warning
    @(75.3500 mm, 49.0000 mm): Reference field of R_S8
    @(74.4600 mm, 47.4500 mm): Pad 1 [GND] of JP_GND on F.Cu
[silk_over_copper]: Silkscreen clipped by solder mask
    Local override; warning
    @(75.3500 mm, 49.0000 mm): Reference field of R_S8
    @(75.2100 mm, 47.9500 mm): Rectangle of JP_GND on F.Mask
[silk_over_copper]: Silkscreen clipped by solder mask
    Local override; warning
    @(75.3500 mm, 49.0000 mm): Reference field of R_S8
    @(74.4600 mm, 48.7500 mm): Pad 2 [AGND] of JP_GND on F.Cu
[silk_over_copper]: Silkscreen clipped by solder mask
    Local override; warning
    @(88.0000 mm, 53.3500 mm): Reference field of U_MUX16
    @(86.5000 mm, 52.0000 mm): Pad 1 [MUX16_COM] of TP_COM16 on F.Cu
[silk_over_copper]: Silkscreen clipped by solder mask
    Local override; warning
    @(76.5000 mm, 56.1000 mm): Reference field of U_MUX8
    @(78.9800 mm, 55.7675 mm): Pad 1 [A+3V3] of C_M8 on F.Cu
[silk_over_copper]: Silkscreen clipped by solder mask
    Local override; warning
    @(75.3500 mm, 49.0000 mm): Reference field of R_S8
    @(74.0200 mm, 50.7625 mm): Pad 2 [AGND] of C_COM8 on F.Cu
[silk_over_copper]: Silkscreen clipped by solder mask
    Local override; warning
    @(76.2600 mm, 48.1000 mm): Reference field of JP_GND
    @(77.0000 mm, 50.0000 mm): Pad 1 [MUX8_COM] of R_S8 on F.Cu
[silk_over_copper]: Silkscreen clipped by solder mask
    Local override; warning
    @(82.5000 mm, 53.6800 mm): Reference field of C_COM16
    @(78.9800 mm, 53.6925 mm): Pad 2 [AGND] of C_M8 on F.Cu
[silk_over_copper]: Silkscreen clipped by solder mask
    Local override; warning
    @(77.8900 mm, 49.0000 mm): Reference field of R_S16
    @(77.0000 mm, 50.0000 mm): Pad 1 [MUX8_COM] of R_S8 on F.Cu
[silk_over_copper]: Silkscreen clipped by solder mask
    Local override; warning
    @(83.0200 mm, 32.3500 mm): Footprint text of U_SM (INSTALL ON
THIS SIDE)
    @(88.0000 mm, 29.6200 mm): PTH pad 7 [<no net>] of J_PWR
[silk_over_copper]: Silkscreen clipped by solder mask
    Local override; warning
    @(83.0200 mm, 32.3500 mm): Footprint text of U_SM (INSTALL ON
THIS SIDE)
    @(90.5400 mm, 29.6200 mm): PTH pad 8 [<no net>] of J_PWR
[silk_over_copper]: Silkscreen clipped by solder mask
    Local override; warning
    @(97.0000 mm, 2.3520 mm): Reference field of TP_CLK
    @(94.0000 mm, 3.0000 mm): Pad 1 [GND] of TP_GND on F.Cu
[silk_over_copper]: Silkscreen clipped by solder mask
    Local override; warning
    @(83.0200 mm, 32.3500 mm): Footprint text of U_SM (INSTALL ON
THIS SIDE)
    @(88.0000 mm, 32.1600 mm): PTH pad 9 [+12V] of J_PWR
[silk_over_copper]: Silkscreen clipped by solder mask
    Local override; warning
    @(83.0200 mm, 32.3500 mm): Footprint text of U_SM (INSTALL ON
THIS SIDE)
    @(90.5400 mm, 32.1600 mm): PTH pad 10 [+12V] of J_PWR
[silk_over_copper]: Silkscreen clipped by solder mask
    Local override; warning
    @(74.0200 mm, 53.6520 mm): Reference field of TP_COM8
    @(74.0200 mm, 52.8375 mm): Pad 1 [MUX8_COM] of C_COM8 on F.Cu
[silk_over_copper]: Silkscreen clipped by solder mask
    Local override; warning
    @(76.5000 mm, 56.1000 mm): Reference field of U_MUX8
    @(74.0200 mm, 55.3000 mm): Pad 1 [MUX8_COM] of TP_COM8 on F.Cu

** Found 0 unconnected pads **

** Found 0 Footprint errors **

** Ignored checks **
    - Footprint has no courtyard defined
    - Track endpoint not centered on via
    - Tuning profile track geometries
    - Footprint doesn't match symbol's footprint filters
    - Footprint component type doesn't match footprint pads

** End of Report **
