** Drc report for coupon.kicad_pcb **
** Created on 2026-08-31T11:04:37 **
** Report includes: Errors, Warnings **

** Found 201 DRC violations **
[silk_edge_clearance]: Silkscreen clipped by board edge
    Rule: Einschränkungen aus Platinenkonfiguration zum Bestückungsdruck; warning
    @(0.0000 mm, 0.0000 mm): Segment on Edge.Cuts
    @(72.1000 mm, 2.2200 mm): Reference field of U_SM
[silk_edge_clearance]: Silkscreen clipped by board edge
    Rule: Einschränkungen aus Platinenkonfiguration zum Bestückungsdruck; warning
    @(0.0000 mm, 0.0000 mm): Segment on Edge.Cuts
    @(0.0000 mm, 0.0000 mm): Segment of U_SM on F.Silkscreen
[silk_edge_clearance]: Silkscreen clipped by board edge
    Rule: Einschränkungen aus Platinenkonfiguration zum Bestückungsdruck; warning
    @(0.0000 mm, 0.0000 mm): Segment on Edge.Cuts
    @(2.8250 mm, 0.0150 mm): Segment of U_SM on F.Silkscreen
[silk_edge_clearance]: Silkscreen clipped by board edge
    Rule: Einschränkungen aus Platinenkonfiguration zum Bestückungsdruck; warning
    @(0.0000 mm, 0.0000 mm): Segment on Edge.Cuts
    @(2.8250 mm, 13.9850 mm): Segment of U_SM on F.Silkscreen
[silk_edge_clearance]: Silkscreen clipped by board edge
    Rule: Einschränkungen aus Platinenkonfiguration zum Bestückungsdruck; warning
    @(0.0000 mm, 0.0000 mm): Segment on Edge.Cuts
    @(9.1750 mm, 0.0150 mm): Segment of U_SM on F.Silkscreen
[silk_edge_clearance]: Silkscreen clipped by board edge
    Rule: Einschränkungen aus Platinenkonfiguration zum Bestückungsdruck; warning
    @(0.0000 mm, 0.0000 mm): Segment on Edge.Cuts
    @(68.0000 mm, 0.0000 mm): Segment of U_SM on F.Silkscreen
[silk_edge_clearance]: Silkscreen clipped by board edge
    Rule: Einschränkungen aus Platinenkonfiguration zum Bestückungsdruck; warning
    @(0.0000 mm, 0.0000 mm): Segment on Edge.Cuts
    @(68.0000 mm, 0.0000 mm): Segment of U_SM on F.Silkscreen
[silk_edge_clearance]: Silkscreen clipped by board edge
    Rule: Einschränkungen aus Platinenkonfiguration zum Bestückungsdruck; warning
    @(0.0000 mm, 60.0000 mm): Segment on Edge.Cuts
    @(68.0000 mm, 40.0000 mm): Segment of U_SM on F.Silkscreen
[silk_edge_clearance]: Silkscreen clipped by board edge
    Rule: Einschränkungen aus Platinenkonfiguration zum Bestückungsdruck; warning
    @(80.0000 mm, 0.0000 mm): Segment on Edge.Cuts
    @(78.3000 mm, 35.1520 mm): Reference field of TP_3V3
[silk_edge_clearance]: Silkscreen clipped by board edge
    Rule: Einschränkungen aus Platinenkonfiguration zum Bestückungsdruck; warning
    @(80.0000 mm, 0.0000 mm): Segment on Edge.Cuts
    @(78.5000 mm, 9.8520 mm): Reference field of TP_CLK
[silk_overlap]: Silkscreen clearance
    Rule: Einschränkungen aus Platinenkonfiguration zum Bestückungsdruck; warning
    @(75.5000 mm, 9.8520 mm): Reference field of TP_GND
    @(72.5000 mm, 9.8520 mm): Reference field of TP_ADC12
[silk_overlap]: Silkscreen clearance
    Rule: Einschränkungen aus Platinenkonfiguration zum Bestückungsdruck; warning
    @(69.5000 mm, 9.8520 mm): Reference field of TP_ADC11
    @(72.5000 mm, 9.8520 mm): Reference field of TP_ADC12
[silk_overlap]: Silkscreen clearance
    Rule: Einschränkungen aus Platinenkonfiguration zum Bestückungsdruck; warning
    @(72.5000 mm, 9.8520 mm): Reference field of TP_ADC12
    @(71.0000 mm, 9.5000 mm): Segment of SW1 on F.Silkscreen
[silk_overlap]: Silkscreen clearance
    Rule: Einschränkungen aus Platinenkonfiguration zum Bestückungsdruck; warning
    @(69.5000 mm, 9.8520 mm): Reference field of TP_ADC11
    @(75.5000 mm, 9.8520 mm): Reference field of TP_GND
[silk_overlap]: Silkscreen clearance
    Rule: Einschränkungen aus Platinenkonfiguration zum Bestückungsdruck; warning
    @(75.5000 mm, 9.8520 mm): Reference field of TP_GND
    @(71.0000 mm, 9.5000 mm): Segment of SW1 on F.Silkscreen
[silk_overlap]: Silkscreen clearance
    Rule: Einschränkungen aus Platinenkonfiguration zum Bestückungsdruck; warning
    @(69.5000 mm, 9.8520 mm): Reference field of TP_ADC11
    @(71.0000 mm, 9.5000 mm): Segment of SW1 on F.Silkscreen
[silk_overlap]: Silkscreen clearance
    Rule: Einschränkungen aus Platinenkonfiguration zum Bestückungsdruck; warning
    @(75.5000 mm, 3.0000 mm): Segment of SW1 on F.Silkscreen
    @(72.1000 mm, 2.2200 mm): Reference field of U_SM
[silk_overlap]: Silkscreen clearance
    Rule: Einschränkungen aus Platinenkonfiguration zum Bestückungsdruck; warning
    @(78.5000 mm, 9.8520 mm): Reference field of TP_CLK
    @(72.5000 mm, 9.8520 mm): Reference field of TP_ADC12
[silk_overlap]: Silkscreen clearance
    Rule: Einschränkungen aus Platinenkonfiguration zum Bestückungsdruck; warning
    @(78.5000 mm, 9.8520 mm): Reference field of TP_CLK
    @(75.5000 mm, 9.8520 mm): Reference field of TP_GND
[silk_overlap]: Silkscreen clearance
    Rule: Einschränkungen aus Platinenkonfiguration zum Bestückungsdruck; warning
    @(68.0000 mm, 40.0000 mm): Segment of U_SM on F.Silkscreen
    @(63.5000 mm, 41.0000 mm): Circle of TP_COM16 on F.Silkscreen
[silk_overlap]: Silkscreen clearance
    Rule: Einschränkungen aus Platinenkonfiguration zum Bestückungsdruck; warning
    @(66.9000 mm, 39.3200 mm): Reference field of C_COM16
    @(63.5000 mm, 39.3520 mm): Reference field of TP_COM16
[silk_overlap]: Silkscreen clearance
    Rule: Einschränkungen aus Platinenkonfiguration zum Bestückungsdruck; warning
    @(66.9000 mm, 39.3200 mm): Reference field of C_COM16
    @(70.8000 mm, 39.3500 mm): Reference field of R_S16
[silk_overlap]: Silkscreen clearance
    Rule: Einschränkungen aus Platinenkonfiguration zum Bestückungsdruck; warning
    @(69.5000 mm, 42.8500 mm): Reference field of U_MUX16
    @(72.4700 mm, 41.4800 mm): Reference field of C_M16
[silk_overlap]: Silkscreen clearance
    Rule: Einschränkungen aus Platinenkonfiguration zum Bestückungsdruck; warning
    @(72.4700 mm, 41.4800 mm): Reference field of C_M16
    @(65.6400 mm, 43.6900 mm): Segment of U_MUX16 on F.Silkscreen
[silk_overlap]: Silkscreen clearance
    Rule: Einschränkungen aus Platinenkonfiguration zum Bestückungsdruck; warning
    @(72.4700 mm, 41.4800 mm): Reference field of C_M16
    @(70.8000 mm, 39.3500 mm): Reference field of R_S16
[silk_overlap]: Silkscreen clearance
    Rule: Einschränkungen aus Platinenkonfiguration zum Bestückungsdruck; warning
    @(68.0000 mm, 40.0000 mm): Segment of U_SM on F.Silkscreen
    @(66.9000 mm, 39.3200 mm): Reference field of C_COM16
[silk_overlap]: Silkscreen clearance
    Rule: Einschränkungen aus Platinenkonfiguration zum Bestückungsdruck; warning
    @(56.1200 mm, 41.8520 mm): Reference field of TP_COM8
    @(54.4400 mm, 40.2000 mm): Reference field of C_COM8
[silk_overlap]: Silkscreen clearance
    Rule: Einschränkungen aus Platinenkonfiguration zum Bestückungsdruck; warning
    @(56.0000 mm, 45.9900 mm): Polygon of U_MUX8 on F.Silkscreen
    @(58.6000 mm, 45.1000 mm): Reference field of U_MUX8
[silk_overlap]: Silkscreen clearance
    Rule: Einschränkungen aus Platinenkonfiguration zum Bestückungsdruck; warning
    @(56.1200 mm, 41.8520 mm): Reference field of TP_COM8
    @(59.4000 mm, 43.7300 mm): Reference field of C_M8
[silk_overlap]: Silkscreen clearance
    Rule: Einschränkungen aus Platinenkonfiguration zum Bestückungsdruck; warning
    @(58.6000 mm, 45.1000 mm): Reference field of U_MUX8
    @(59.4000 mm, 43.7300 mm): Reference field of C_M8
[silk_overlap]: Silkscreen clearance
    Rule: Einschränkungen aus Platinenkonfiguration zum Bestückungsdruck; warning
    @(73.2500 mm, 2.0000 mm): Reference field of SW1
    @(72.1000 mm, 2.2200 mm): Reference field of U_SM
[silk_overlap]: Silkscreen clearance
    Rule: Einschränkungen aus Platinenkonfiguration zum Bestückungsdruck; warning
    @(69.5000 mm, 9.8520 mm): Reference field of TP_ADC11
    @(67.9850 mm, 9.1750 mm): Segment of U_SM on F.Silkscreen
[silk_overlap]: Silkscreen clearance
    Rule: Einschränkungen aus Platinenkonfiguration zum Bestückungsdruck; warning
    @(68.0000 mm, 0.0000 mm): Segment of U_SM on F.Silkscreen
    @(69.5000 mm, 9.8520 mm): Reference field of TP_ADC11
[silk_overlap]: Silkscreen clearance
    Rule: Einschränkungen aus Platinenkonfiguration zum Bestückungsdruck; warning
    @(50.0000 mm, 31.9500 mm): Reference field of R_REFC2
    @(43.6300 mm, 31.9700 mm): Segment of RV7 on F.Silkscreen
[silk_overlap]: Silkscreen clearance
    Rule: Einschränkungen aus Platinenkonfiguration zum Bestückungsdruck; warning
    @(68.0000 mm, 0.0000 mm): Segment of U_SM on F.Silkscreen
    @(67.0200 mm, 26.3500 mm): Footprint text of U_SM (INSTALL ON
THIS SIDE)
[silk_overlap]: Silkscreen clearance
    Rule: Einschränkungen aus Platinenkonfiguration zum Bestückungsdruck; warning
    @(68.0000 mm, 0.0000 mm): Segment of U_SM on F.Silkscreen
    @(67.3200 mm, 20.0000 mm): Segment of J_PWR on F.Silkscreen
[silk_overlap]: Silkscreen clearance
    Rule: Einschränkungen aus Platinenkonfiguration zum Bestückungsdruck; warning
    @(68.0000 mm, 0.0000 mm): Segment of U_SM on F.Silkscreen
    @(68.3200 mm, 19.5000 mm): Segment of J_PWR on F.Silkscreen
[silk_overlap]: Silkscreen clearance
    Rule: Einschränkungen aus Platinenkonfiguration zum Bestückungsdruck; warning
    @(42.0000 mm, 31.9500 mm): Reference field of R_REFB2
    @(43.6300 mm, 31.9700 mm): Segment of RV7 on F.Silkscreen
[silk_overlap]: Silkscreen clearance
    Rule: Einschränkungen aus Platinenkonfiguration zum Bestückungsdruck; warning
    @(46.0000 mm, 31.9500 mm): Reference field of R_REFC1
    @(43.6300 mm, 31.9700 mm): Segment of RV7 on F.Silkscreen
[silk_overlap]: Silkscreen clearance
    Rule: Einschränkungen aus Platinenkonfiguration zum Bestückungsdruck; warning
    @(42.0000 mm, 31.9500 mm): Reference field of R_REFB2
    @(46.0000 mm, 31.9500 mm): Reference field of R_REFC1
[silk_overlap]: Silkscreen clearance
    Rule: Einschränkungen aus Platinenkonfiguration zum Bestückungsdruck; warning
    @(43.6300 mm, 28.9100 mm): Segment of RV7 on F.Silkscreen
    @(46.0000 mm, 31.9500 mm): Reference field of R_REFC1
[silk_overlap]: Silkscreen clearance
    Rule: Einschränkungen aus Platinenkonfiguration zum Bestückungsdruck; warning
    @(43.6300 mm, 28.9100 mm): Segment of RV7 on F.Silkscreen
    @(42.0000 mm, 31.9500 mm): Reference field of R_REFB2
[silk_overlap]: Silkscreen clearance
    Rule: Einschränkungen aus Platinenkonfiguration zum Bestückungsdruck; warning
    @(46.0000 mm, 31.9500 mm): Reference field of R_REFC1
    @(50.0000 mm, 31.9500 mm): Reference field of R_REFC2
[silk_overlap]: Silkscreen clearance
    Rule: Einschränkungen aus Platinenkonfiguration zum Bestückungsdruck; warning
    @(77.8300 mm, 34.8700 mm): Segment of J_PWR on F.Silkscreen
    @(70.0000 mm, 35.1200 mm): Reference field of C_BP12
[silk_overlap]: Silkscreen clearance
    Rule: Einschränkungen aus Platinenkonfiguration zum Bestückungsdruck; warning
    @(70.0000 mm, 35.1200 mm): Reference field of C_BP12
    @(75.0000 mm, 35.1200 mm): Reference field of C_BN12
[silk_overlap]: Silkscreen clearance
    Rule: Einschränkungen aus Platinenkonfiguration zum Bestückungsdruck; warning
    @(68.7100 mm, 34.8700 mm): Segment of J_PWR on F.Silkscreen
    @(67.0200 mm, 26.3500 mm): Footprint text of U_SM (INSTALL ON
THIS SIDE)
[silk_overlap]: Silkscreen clearance
    Rule: Einschränkungen aus Platinenkonfiguration zum Bestückungsdruck; warning
    @(77.8300 mm, 34.8700 mm): Segment of J_PWR on F.Silkscreen
    @(75.0000 mm, 35.1200 mm): Reference field of C_BN12
[silk_overlap]: Silkscreen clearance
    Rule: Einschränkungen aus Platinenkonfiguration zum Bestückungsdruck; warning
    @(59.4000 mm, 38.5500 mm): Reference field of R_S8
    @(63.5000 mm, 39.3520 mm): Reference field of TP_COM16
[silk_overlap]: Silkscreen clearance
    Rule: Einschränkungen aus Platinenkonfiguration zum Bestückungsdruck; warning
    @(68.0000 mm, 40.0000 mm): Segment of U_SM on F.Silkscreen
    @(63.5000 mm, 39.3520 mm): Reference field of TP_COM16
[silk_overlap]: Silkscreen clearance
    Rule: Einschränkungen aus Platinenkonfiguration zum Bestückungsdruck; warning
    @(66.9000 mm, 39.3200 mm): Reference field of C_COM16
    @(68.0000 mm, 0.0000 mm): Segment of U_SM on F.Silkscreen
[silk_overlap]: Silkscreen clearance
    Rule: Einschränkungen aus Platinenkonfiguration zum Bestückungsdruck; warning
    @(67.9850 mm, 30.8250 mm): Segment of U_SM on F.Silkscreen
    @(70.0000 mm, 35.1200 mm): Reference field of C_BP12
[silk_overlap]: Silkscreen clearance
    Rule: Einschränkungen aus Platinenkonfiguration zum Bestückungsdruck; warning
    @(68.0000 mm, 0.0000 mm): Segment of U_SM on F.Silkscreen
    @(70.0000 mm, 35.1200 mm): Reference field of C_BP12
[silk_overlap]: Silkscreen clearance
    Rule: Einschränkungen aus Platinenkonfiguration zum Bestückungsdruck; warning
    @(68.0000 mm, 40.0000 mm): Segment of U_SM on F.Silkscreen
    @(54.4400 mm, 40.2000 mm): Reference field of C_COM8
[silk_overlap]: Silkscreen clearance
    Rule: Einschränkungen aus Platinenkonfiguration zum Bestückungsdruck; warning
    @(68.0000 mm, 40.0000 mm): Segment of U_SM on F.Silkscreen
    @(55.3850 mm, 40.4613 mm): Segment of C_COM8 on F.Silkscreen
[silk_overlap]: Silkscreen clearance
    Rule: Einschränkungen aus Platinenkonfiguration zum Bestückungsdruck; warning
    @(68.0000 mm, 40.0000 mm): Segment of U_SM on F.Silkscreen
    @(56.8550 mm, 40.4613 mm): Segment of C_COM8 on F.Silkscreen
[silk_overlap]: Silkscreen clearance
    Rule: Einschränkungen aus Platinenkonfiguration zum Bestückungsdruck; warning
    @(52.9200 mm, 53.9100 mm): Segment of RV6 on F.Silkscreen
    @(52.0000 mm, 56.8200 mm): Reference field of C_BA3V3
[silk_overlap]: Silkscreen clearance
    Rule: Einschränkungen aus Platinenkonfiguration zum Bestückungsdruck; warning
    @(43.1800 mm, 56.9700 mm): Segment of RV6 on F.Silkscreen
    @(52.0000 mm, 56.8200 mm): Reference field of C_BA3V3
[silk_overlap]: Silkscreen clearance
    Rule: Einschränkungen aus Platinenkonfiguration zum Bestückungsdruck; warning
    @(47.5000 mm, 56.8500 mm): Reference field of R_LO4
    @(52.0000 mm, 56.8200 mm): Reference field of C_BA3V3
[silk_overlap]: Silkscreen clearance
    Rule: Einschränkungen aus Platinenkonfiguration zum Bestückungsdruck; warning
    @(43.1800 mm, 56.9700 mm): Segment of RV6 on F.Silkscreen
    @(47.5000 mm, 56.8500 mm): Reference field of R_LO4
[silk_overlap]: Silkscreen clearance
    Rule: Einschränkungen aus Platinenkonfiguration zum Bestückungsdruck; warning
    @(43.1800 mm, 56.9700 mm): Segment of RV6 on F.Silkscreen
    @(43.0000 mm, 56.8500 mm): Reference field of R_HI4
[silk_overlap]: Silkscreen clearance
    Rule: Einschränkungen aus Platinenkonfiguration zum Bestückungsdruck; warning
    @(45.8000 mm, 38.9000 mm): Reference field of JP_3V3
    @(68.0000 mm, 40.0000 mm): Segment of U_SM on F.Silkscreen
[silk_overlap]: Silkscreen clearance
    Rule: Einschränkungen aus Platinenkonfiguration zum Bestückungsdruck; warning
    @(68.0000 mm, 40.0000 mm): Segment of U_SM on F.Silkscreen
    @(49.8000 mm, 38.9000 mm): Reference field of JP_GND
[silk_overlap]: Silkscreen clearance
    Rule: Einschränkungen aus Platinenkonfiguration zum Bestückungsdruck; warning
    @(68.0000 mm, 40.0000 mm): Segment of U_SM on F.Silkscreen
    @(45.0000 mm, 37.5000 mm): Segment of JP_3V3 on F.Silkscreen
[silk_overlap]: Silkscreen clearance
    Rule: Einschränkungen aus Platinenkonfiguration zum Bestückungsdruck; warning
    @(68.0000 mm, 40.0000 mm): Segment of U_SM on F.Silkscreen
    @(47.0000 mm, 40.3000 mm): Segment of JP_GND on F.Silkscreen
[silk_overlap]: Silkscreen clearance
    Rule: Einschränkungen aus Platinenkonfiguration zum Bestückungsdruck; warning
    @(68.0000 mm, 40.0000 mm): Segment of U_SM on F.Silkscreen
    @(49.0000 mm, 37.5000 mm): Segment of JP_GND on F.Silkscreen
[silk_overlap]: Silkscreen clearance
    Rule: Einschränkungen aus Platinenkonfiguration zum Bestückungsdruck; warning
    @(75.0000 mm, 35.1200 mm): Reference field of C_BN12
    @(78.3000 mm, 35.1520 mm): Reference field of TP_3V3
[silk_overlap]: Silkscreen clearance
    Rule: Einschränkungen aus Platinenkonfiguration zum Bestückungsdruck; warning
    @(77.8300 mm, 34.8700 mm): Segment of J_PWR on F.Silkscreen
    @(78.3000 mm, 35.1520 mm): Reference field of TP_3V3
[silk_overlap]: Silkscreen clearance
    Rule: Einschränkungen aus Platinenkonfiguration zum Bestückungsdruck; warning
    @(76.5200 mm, 15.5900 mm): Segment of J_PWR on F.Silkscreen
    @(67.0200 mm, 26.3500 mm): Footprint text of U_SM (INSTALL ON
THIS SIDE)
[silk_overlap]: Silkscreen clearance
    Rule: Einschränkungen aus Platinenkonfiguration zum Bestückungsdruck; warning
    @(25.3500 mm, 2.5000 mm): Reference field of D8
    @(25.4600 mm, 4.3600 mm): Segment of D7 on F.Silkscreen
[silk_overlap]: Silkscreen clearance
    Rule: Einschränkungen aus Platinenkonfiguration zum Bestückungsdruck; warning
    @(68.0000 mm, 40.0000 mm): Segment of U_SM on F.Silkscreen
    @(20.0000 mm, 39.8500 mm): Reference field of R_SP13
[silk_overlap]: Silkscreen clearance
    Rule: Einschränkungen aus Platinenkonfiguration zum Bestückungsdruck; warning
    @(68.0000 mm, 40.0000 mm): Segment of U_SM on F.Silkscreen
    @(7.8000 mm, 40.0000 mm): Reference field of J_AUDIO
[silk_overlap]: Silkscreen clearance
    Rule: Einschränkungen aus Platinenkonfiguration zum Bestückungsdruck; warning
    @(68.0000 mm, 40.0000 mm): Segment of U_SM on F.Silkscreen
    @(32.0000 mm, 39.8500 mm): Reference field of R_SP15
[silk_overlap]: Silkscreen clearance
    Rule: Einschränkungen aus Platinenkonfiguration zum Bestückungsdruck; warning
    @(68.0000 mm, 40.0000 mm): Segment of U_SM on F.Silkscreen
    @(26.0000 mm, 39.8500 mm): Reference field of R_SP14
[silk_overlap]: Silkscreen clearance
    Rule: Einschränkungen aus Platinenkonfiguration zum Bestückungsdruck; warning
    @(68.0000 mm, 40.0000 mm): Segment of U_SM on F.Silkscreen
    @(43.0000 mm, 40.3000 mm): Segment of JP_3V3 on F.Silkscreen
[silk_overlap]: Silkscreen clearance
    Rule: Einschränkungen aus Platinenkonfiguration zum Bestückungsdruck; warning
    @(38.0000 mm, 31.9500 mm): Reference field of R_REFB1
    @(42.0000 mm, 31.9500 mm): Reference field of R_REFB2
[silk_overlap]: Silkscreen clearance
    Rule: Einschränkungen aus Platinenkonfiguration zum Bestückungsdruck; warning
    @(30.6300 mm, 28.9100 mm): Segment of RV5 on F.Silkscreen
    @(30.0000 mm, 31.9500 mm): Reference field of R_REFA1
[silk_overlap]: Silkscreen clearance
    Rule: Einschränkungen aus Platinenkonfiguration zum Bestückungsdruck; warning
    @(38.0000 mm, 31.9500 mm): Reference field of R_REFB1
    @(40.3700 mm, 28.9100 mm): Segment of RV5 on F.Silkscreen
[silk_overlap]: Silkscreen clearance
    Rule: Einschränkungen aus Platinenkonfiguration zum Bestückungsdruck; warning
    @(16.0600 mm, 35.0600 mm): Segment of U_SR2 on F.Silkscreen
    @(13.2000 mm, 37.3000 mm): Reference field of C_SR2
[silk_overlap]: Silkscreen clearance
    Rule: Einschränkungen aus Platinenkonfiguration zum Bestückungsdruck; warning
    @(9.1750 mm, 26.0150 mm): Segment of U_SM on F.Silkscreen
    @(7.8000 mm, 40.0000 mm): Reference field of J_AUDIO
[silk_overlap]: Silkscreen clearance
    Rule: Einschränkungen aus Platinenkonfiguration zum Bestückungsdruck; warning
    @(7.8000 mm, 40.0000 mm): Reference field of J_AUDIO
    @(9.1750 mm, 39.9850 mm): Segment of U_SM on F.Silkscreen
[silk_overlap]: Silkscreen clearance
    Rule: Einschränkungen aus Platinenkonfiguration zum Bestückungsdruck; warning
    @(8.5400 mm, 4.3600 mm): Segment of D1 on F.Silkscreen
    @(9.1750 mm, 0.0150 mm): Segment of U_SM on F.Silkscreen
[silk_overlap]: Silkscreen clearance
    Rule: Einschränkungen aus Platinenkonfiguration zum Bestückungsdruck; warning
    @(17.9600 mm, 4.3600 mm): Segment of D4 on F.Silkscreen
    @(17.8500 mm, 2.5000 mm): Reference field of D5
[silk_overlap]: Silkscreen clearance
    Rule: Einschränkungen aus Platinenkonfiguration zum Bestückungsdruck; warning
    @(16.0400 mm, 4.3600 mm): Segment of D4 on F.Silkscreen
    @(17.8500 mm, 6.5000 mm): Reference field of R_LED5
[silk_overlap]: Silkscreen clearance
    Rule: Einschränkungen aus Platinenkonfiguration zum Bestückungsdruck; warning
    @(12.8500 mm, 2.5000 mm): Reference field of D3
    @(12.9600 mm, 4.3600 mm): Segment of D2 on F.Silkscreen
[silk_overlap]: Silkscreen clearance
    Rule: Einschränkungen aus Platinenkonfiguration zum Bestückungsdruck; warning
    @(11.0400 mm, 4.3600 mm): Segment of D2 on F.Silkscreen
    @(12.8500 mm, 6.5000 mm): Reference field of R_LED3
[silk_overlap]: Silkscreen clearance
    Rule: Einschränkungen aus Platinenkonfiguration zum Bestückungsdruck; warning
    @(12.9600 mm, 4.3600 mm): Segment of D2 on F.Silkscreen
    @(12.8500 mm, 6.5000 mm): Reference field of R_LED3
[silk_overlap]: Silkscreen clearance
    Rule: Einschränkungen aus Platinenkonfiguration zum Bestückungsdruck; warning
    @(10.4600 mm, 4.3600 mm): Segment of D1 on F.Silkscreen
    @(10.3500 mm, 2.5000 mm): Reference field of D2
[silk_overlap]: Silkscreen clearance
    Rule: Einschränkungen aus Platinenkonfiguration zum Bestückungsdruck; warning
    @(10.3500 mm, 6.5000 mm): Reference field of R_LED2
    @(10.4600 mm, 4.3600 mm): Segment of D1 on F.Silkscreen
[silk_overlap]: Silkscreen clearance
    Rule: Einschränkungen aus Platinenkonfiguration zum Bestückungsdruck; warning
    @(10.3500 mm, 6.5000 mm): Reference field of R_LED2
    @(8.5400 mm, 4.3600 mm): Segment of D1 on F.Silkscreen
[silk_overlap]: Silkscreen clearance
    Rule: Einschränkungen aus Platinenkonfiguration zum Bestückungsdruck; warning
    @(12.7350 mm, 6.7271 mm): Segment of R_LED2 on F.Silkscreen
    @(12.8500 mm, 6.5000 mm): Reference field of R_LED3
[silk_overlap]: Silkscreen clearance
    Rule: Einschränkungen aus Platinenkonfiguration zum Bestückungsdruck; warning
    @(15.3500 mm, 6.5000 mm): Reference field of R_LED4
    @(15.2350 mm, 6.7271 mm): Segment of R_LED3 on F.Silkscreen
[silk_overlap]: Silkscreen clearance
    Rule: Einschränkungen aus Platinenkonfiguration zum Bestückungsdruck; warning
    @(13.5400 mm, 4.3600 mm): Segment of D3 on F.Silkscreen
    @(15.3500 mm, 6.5000 mm): Reference field of R_LED4
[silk_overlap]: Silkscreen clearance
    Rule: Einschränkungen aus Platinenkonfiguration zum Bestückungsdruck; warning
    @(15.3500 mm, 6.5000 mm): Reference field of R_LED4
    @(15.4600 mm, 4.3600 mm): Segment of D3 on F.Silkscreen
[silk_overlap]: Silkscreen clearance
    Rule: Einschränkungen aus Platinenkonfiguration zum Bestückungsdruck; warning
    @(15.3500 mm, 2.5000 mm): Reference field of D4
    @(15.4600 mm, 4.3600 mm): Segment of D3 on F.Silkscreen
[silk_overlap]: Silkscreen clearance
    Rule: Einschränkungen aus Platinenkonfiguration zum Bestückungsdruck; warning
    @(10.3500 mm, 6.5000 mm): Reference field of R_LED2
    @(10.2350 mm, 6.7271 mm): Segment of R_LED1 on F.Silkscreen
[silk_overlap]: Silkscreen clearance
    Rule: Einschränkungen aus Platinenkonfiguration zum Bestückungsdruck; warning
    @(23.5000 mm, 14.6000 mm): Reference field of U_IN1
    @(24.3000 mm, 13.2000 mm): Reference field of C_IN1
[silk_overlap]: Silkscreen clearance
    Rule: Einschränkungen aus Platinenkonfiguration zum Bestückungsdruck; warning
    @(22.8500 mm, 6.5000 mm): Reference field of R_LED7
    @(22.7350 mm, 6.7271 mm): Segment of R_LED6 on F.Silkscreen
[silk_overlap]: Silkscreen clearance
    Rule: Einschränkungen aus Platinenkonfiguration zum Bestückungsdruck; warning
    @(25.3500 mm, 6.5000 mm): Reference field of R_LED8
    @(25.2350 mm, 6.7271 mm): Segment of R_LED7 on F.Silkscreen
[silk_overlap]: Silkscreen clearance
    Rule: Einschränkungen aus Platinenkonfiguration zum Bestückungsdruck; warning
    @(25.3500 mm, 6.5000 mm): Reference field of R_LED8
    @(23.5400 mm, 4.3600 mm): Segment of D7 on F.Silkscreen
[silk_overlap]: Silkscreen clearance
    Rule: Einschränkungen aus Platinenkonfiguration zum Bestückungsdruck; warning
    @(25.3500 mm, 6.5000 mm): Reference field of R_LED8
    @(25.4600 mm, 4.3600 mm): Segment of D7 on F.Silkscreen
[silk_overlap]: Silkscreen clearance
    Rule: Einschränkungen aus Platinenkonfiguration zum Bestückungsdruck; warning
    @(17.8500 mm, 6.5000 mm): Reference field of R_LED5
    @(17.9600 mm, 4.3600 mm): Segment of D4 on F.Silkscreen
[silk_overlap]: Silkscreen clearance
    Rule: Einschränkungen aus Platinenkonfiguration zum Bestückungsdruck; warning
    @(17.7350 mm, 6.7271 mm): Segment of R_LED4 on F.Silkscreen
    @(17.8500 mm, 6.5000 mm): Reference field of R_LED5
[silk_overlap]: Silkscreen clearance
    Rule: Einschränkungen aus Platinenkonfiguration zum Bestückungsdruck; warning
    @(20.2350 mm, 6.7271 mm): Segment of R_LED5 on F.Silkscreen
    @(20.3500 mm, 6.5000 mm): Reference field of R_LED6
[silk_overlap]: Silkscreen clearance
    Rule: Einschränkungen aus Platinenkonfiguration zum Bestückungsdruck; warning
    @(21.0400 mm, 4.3600 mm): Segment of D6 on F.Silkscreen
    @(22.8500 mm, 6.5000 mm): Reference field of R_LED7
[silk_overlap]: Silkscreen clearance
    Rule: Einschränkungen aus Platinenkonfiguration zum Bestückungsdruck; warning
    @(22.8500 mm, 6.5000 mm): Reference field of R_LED7
    @(22.9600 mm, 4.3600 mm): Segment of D6 on F.Silkscreen
[silk_overlap]: Silkscreen clearance
    Rule: Einschränkungen aus Platinenkonfiguration zum Bestückungsdruck; warning
    @(22.9600 mm, 4.3600 mm): Segment of D6 on F.Silkscreen
    @(22.8500 mm, 2.5000 mm): Reference field of D7
[silk_overlap]: Silkscreen clearance
    Rule: Einschränkungen aus Platinenkonfiguration zum Bestückungsdruck; warning
    @(20.4600 mm, 4.3600 mm): Segment of D5 on F.Silkscreen
    @(20.3500 mm, 6.5000 mm): Reference field of R_LED6
[silk_overlap]: Silkscreen clearance
    Rule: Einschränkungen aus Platinenkonfiguration zum Bestückungsdruck; warning
    @(18.5400 mm, 4.3600 mm): Segment of D5 on F.Silkscreen
    @(20.3500 mm, 6.5000 mm): Reference field of R_LED6
[silk_overlap]: Silkscreen clearance
    Rule: Einschränkungen aus Platinenkonfiguration zum Bestückungsdruck; warning
    @(20.4600 mm, 4.3600 mm): Segment of D5 on F.Silkscreen
    @(20.3500 mm, 2.5000 mm): Reference field of D6
[silk_overlap]: Silkscreen clearance
    Rule: Einschränkungen aus Platinenkonfiguration zum Bestückungsdruck; warning
    @(14.0000 mm, 20.4000 mm): Reference field of U_SR1
    @(13.2000 mm, 21.8000 mm): Reference field of C_SR1
[silk_overlap]: Silkscreen clearance
    Rule: Einschränkungen aus Platinenkonfiguration zum Bestückungsdruck; warning
    @(16.0600 mm, 19.5600 mm): Segment of U_SR1 on F.Silkscreen
    @(13.2000 mm, 21.8000 mm): Reference field of C_SR1
[silk_overlap]: Silkscreen clearance
    Rule: Einschränkungen aus Platinenkonfiguration zum Bestückungsdruck; warning
    @(30.0000 mm, 31.9500 mm): Reference field of R_REFA1
    @(34.0000 mm, 31.9500 mm): Reference field of R_REFA2
[silk_overlap]: Silkscreen clearance
    Rule: Einschränkungen aus Platinenkonfiguration zum Bestückungsdruck; warning
    @(30.6300 mm, 31.9700 mm): Segment of RV5 on F.Silkscreen
    @(30.0000 mm, 31.9500 mm): Reference field of R_REFA1
[silk_overlap]: Silkscreen clearance
    Rule: Einschränkungen aus Platinenkonfiguration zum Bestückungsdruck; warning
    @(30.6300 mm, 31.9700 mm): Segment of RV5 on F.Silkscreen
    @(34.0000 mm, 31.9500 mm): Reference field of R_REFA2
[silk_overlap]: Silkscreen clearance
    Rule: Einschränkungen aus Platinenkonfiguration zum Bestückungsdruck; warning
    @(30.0000 mm, 34.9500 mm): Reference field of R_SP10
    @(29.7729 mm, 34.3350 mm): Segment of R_REFA1 on F.Silkscreen
[silk_overlap]: Silkscreen clearance
    Rule: Einschränkungen aus Platinenkonfiguration zum Bestückungsdruck; warning
    @(30.0000 mm, 34.9500 mm): Reference field of R_SP10
    @(34.0000 mm, 34.9500 mm): Reference field of R_SP11
[silk_overlap]: Silkscreen clearance
    Rule: Einschränkungen aus Platinenkonfiguration zum Bestückungsdruck; warning
    @(33.7729 mm, 34.3350 mm): Segment of R_REFA2 on F.Silkscreen
    @(34.0000 mm, 34.9500 mm): Reference field of R_SP11
[silk_overlap]: Silkscreen clearance
    Rule: Einschränkungen aus Platinenkonfiguration zum Bestückungsdruck; warning
    @(14.0000 mm, 35.9000 mm): Reference field of U_SR2
    @(13.2000 mm, 37.3000 mm): Reference field of C_SR2
[silk_overlap]: Silkscreen clearance
    Rule: Einschränkungen aus Platinenkonfiguration zum Bestückungsdruck; warning
    @(34.0000 mm, 56.8500 mm): Reference field of R_HI3
    @(30.1300 mm, 56.9700 mm): Segment of RV4 on F.Silkscreen
[silk_overlap]: Silkscreen clearance
    Rule: Einschränkungen aus Platinenkonfiguration zum Bestückungsdruck; warning
    @(29.5000 mm, 56.8500 mm): Reference field of R_LO2
    @(30.1300 mm, 56.9700 mm): Segment of RV4 on F.Silkscreen
[silk_overlap]: Silkscreen clearance
    Rule: Einschränkungen aus Platinenkonfiguration zum Bestückungsdruck; warning
    @(30.1300 mm, 53.9100 mm): Segment of RV4 on F.Silkscreen
    @(29.5000 mm, 56.8500 mm): Reference field of R_LO2
[silk_overlap]: Silkscreen clearance
    Rule: Einschränkungen aus Platinenkonfiguration zum Bestückungsdruck; warning
    @(38.5000 mm, 56.8500 mm): Reference field of R_LO3
    @(30.1300 mm, 56.9700 mm): Segment of RV4 on F.Silkscreen
[silk_overlap]: Silkscreen clearance
    Rule: Einschränkungen aus Platinenkonfiguration zum Bestückungsdruck; warning
    @(43.1800 mm, 53.9100 mm): Segment of RV6 on F.Silkscreen
    @(43.0000 mm, 56.8500 mm): Reference field of R_HI4
[silk_overlap]: Silkscreen clearance
    Rule: Einschränkungen aus Platinenkonfiguration zum Bestückungsdruck; warning
    @(38.5000 mm, 56.8500 mm): Reference field of R_LO3
    @(39.8700 mm, 53.9100 mm): Segment of RV4 on F.Silkscreen
[silk_overlap]: Silkscreen clearance
    Rule: Einschränkungen aus Platinenkonfiguration zum Bestückungsdruck; warning
    @(16.0000 mm, 56.8500 mm): Reference field of R_HI1
    @(17.0800 mm, 56.9700 mm): Segment of RV2 on F.Silkscreen
[silk_overlap]: Silkscreen clearance
    Rule: Einschränkungen aus Platinenkonfiguration zum Bestückungsdruck; warning
    @(20.5000 mm, 56.8500 mm): Reference field of R_LO1
    @(17.0800 mm, 56.9700 mm): Segment of RV2 on F.Silkscreen
[silk_overlap]: Silkscreen clearance
    Rule: Einschränkungen aus Platinenkonfiguration zum Bestückungsdruck; warning
    @(25.0000 mm, 56.8500 mm): Reference field of R_HI2
    @(17.0800 mm, 56.9700 mm): Segment of RV2 on F.Silkscreen
[silk_overlap]: Silkscreen clearance
    Rule: Einschränkungen aus Platinenkonfiguration zum Bestückungsdruck; warning
    @(25.0000 mm, 56.8500 mm): Reference field of R_HI2
    @(26.8200 mm, 53.9100 mm): Segment of RV2 on F.Silkscreen
[silk_overlap]: Silkscreen clearance
    Rule: Einschränkungen aus Platinenkonfiguration zum Bestückungsdruck; warning
    @(12.5000 mm, 54.3520 mm): Reference field of TP_A3V3
    @(8.5000 mm, 54.3520 mm): Reference field of TP_AGND
[silk_overlap]: Silkscreen clearance
    Rule: Einschränkungen aus Platinenkonfiguration zum Bestückungsdruck; warning
    @(8.5000 mm, 54.3520 mm): Reference field of TP_AGND
    @(4.5000 mm, 54.3520 mm): Reference field of TP_AUDIO_L
[silk_overlap]: Silkscreen clearance
    Rule: Einschränkungen aus Platinenkonfiguration zum Bestückungsdruck; warning
    @(34.0000 mm, 34.9500 mm): Reference field of R_SP11
    @(38.0000 mm, 34.9500 mm): Reference field of R_SP12
[silk_overlap]: Silkscreen clearance
    Rule: Einschränkungen aus Platinenkonfiguration zum Bestückungsdruck; warning
    @(38.0000 mm, 31.9500 mm): Reference field of R_REFB1
    @(30.6300 mm, 31.9700 mm): Segment of RV5 on F.Silkscreen
[silk_overlap]: Silkscreen clearance
    Rule: Einschränkungen aus Platinenkonfiguration zum Bestückungsdruck; warning
    @(37.7729 mm, 34.3350 mm): Segment of R_REFB1 on F.Silkscreen
    @(38.0000 mm, 34.9500 mm): Reference field of R_SP12
[silk_overlap]: Silkscreen clearance
    Rule: Einschränkungen aus Platinenkonfiguration zum Bestückungsdruck; warning
    @(42.0000 mm, 31.9500 mm): Reference field of R_REFB2
    @(30.6300 mm, 31.9700 mm): Segment of RV5 on F.Silkscreen
[silk_overlap]: Silkscreen clearance
    Rule: Einschränkungen aus Platinenkonfiguration zum Bestückungsdruck; warning
    @(38.0000 mm, 31.9500 mm): Reference field of R_REFB1
    @(34.0000 mm, 31.9500 mm): Reference field of R_REFA2
[silk_over_copper]: Silkscreen clipped by solder mask
    Local override; warning
    @(72.5000 mm, 9.8520 mm): Reference field of TP_ADC12
    @(76.5000 mm, 8.5000 mm): PTH pad 2 [GND] of SW1
[silk_over_copper]: Silkscreen clipped by solder mask
    Local override; warning
    @(75.5000 mm, 9.8520 mm): Reference field of TP_GND
    @(76.5000 mm, 8.5000 mm): PTH pad 2 [GND] of SW1
[silk_over_copper]: Silkscreen clipped by solder mask
    Local override; warning
    @(78.5000 mm, 9.8520 mm): Reference field of TP_CLK
    @(76.5000 mm, 8.5000 mm): PTH pad 2 [GND] of SW1
[silk_over_copper]: Silkscreen clipped by solder mask
    Local override; warning
    @(69.5000 mm, 9.8520 mm): Reference field of TP_ADC11
    @(70.0000 mm, 8.5000 mm): PTH pad 2 [GND] of SW1
[silk_over_copper]: Silkscreen clipped by solder mask
    Local override; warning
    @(72.4700 mm, 41.4800 mm): Reference field of C_M16
    @(71.8000 mm, 41.0000 mm): Pad 2 [SENSE_ADC9_MUX16] of R_S16 on F.Cu
[silk_over_copper]: Silkscreen clipped by solder mask
    Local override; warning
    @(56.1200 mm, 41.8520 mm): Reference field of TP_COM8
    @(56.1200 mm, 41.2375 mm): Pad 1 [MUX8_COM] of C_COM8 on F.Cu
[silk_over_copper]: Silkscreen clipped by solder mask
    Local override; warning
    @(58.6000 mm, 45.1000 mm): Reference field of U_MUX8
    @(61.0800 mm, 44.7675 mm): Pad 1 [A+3V3] of C_M8 on F.Cu
[silk_over_copper]: Silkscreen clipped by solder mask
    Local override; warning
    @(72.5000 mm, 9.8520 mm): Reference field of TP_ADC12
    @(70.0000 mm, 8.5000 mm): PTH pad 2 [GND] of SW1
[silk_over_copper]: Silkscreen clipped by solder mask
    Local override; warning
    @(67.0200 mm, 26.3500 mm): Footprint text of U_SM (INSTALL ON
THIS SIDE)
    @(74.5400 mm, 24.5800 mm): PTH pad 6 [GND] of J_PWR
[silk_over_copper]: Silkscreen clipped by solder mask
    Local override; warning
    @(67.0200 mm, 26.3500 mm): Footprint text of U_SM (INSTALL ON
THIS SIDE)
    @(72.0000 mm, 24.5800 mm): PTH pad 5 [GND] of J_PWR
[silk_over_copper]: Silkscreen clipped by solder mask
    Local override; warning
    @(63.5000 mm, 39.3520 mm): Reference field of TP_COM16
    @(60.4000 mm, 40.2000 mm): Pad 2 [SENSE_ADC10_MUX8] of R_S8 on F.Cu
[silk_over_copper]: Silkscreen clipped by solder mask
    Local override; warning
    @(55.1900 mm, 51.2100 mm): Reference field of RV6
    @(56.1250 mm, 51.6350 mm): Pad 5 [MUX8_CH5] of U_MUX8 on F.Cu
[silk_over_copper]: Silkscreen clipped by solder mask
    Local override; warning
    @(55.1900 mm, 51.2100 mm): Reference field of RV6
    @(56.1250 mm, 50.3650 mm): Pad 4 [MUX8_CH7] of U_MUX8 on F.Cu
[silk_over_copper]: Silkscreen clipped by solder mask
    Local override; warning
    @(25.3500 mm, 2.5000 mm): Reference field of D8
    @(24.5000 mm, 3.5250 mm): Pad 1 [LED_7_K] of D7 on F.Cu
[silk_over_copper]: Silkscreen clipped by solder mask
    Local override; warning
    @(25.3500 mm, 2.5000 mm): Reference field of D8
    @(24.5000 mm, 1.4750 mm): Pad 2 [LED_7] of D7 on F.Cu
[silk_over_copper]: Silkscreen clipped by solder mask
    Local override; warning
    @(42.6400 mm, 12.2100 mm): Reference field of RV1
    @(43.7000 mm, 13.0000 mm): PTH pad [<no net>] of RV3
[silk_over_copper]: Silkscreen clipped by solder mask
    Local override; warning
    @(68.0000 mm, 40.0000 mm): Segment of U_SM on F.Silkscreen
    @(58.4000 mm, 40.2000 mm): Pad 1 [MUX8_COM] of R_S8 on F.Cu
[silk_over_copper]: Silkscreen clipped by solder mask
    Local override; warning
    @(68.0000 mm, 40.0000 mm): Segment of U_SM on F.Silkscreen
    @(60.4000 mm, 40.2000 mm): Pad 2 [SENSE_ADC10_MUX8] of R_S8 on F.Cu
[silk_over_copper]: Silkscreen clipped by solder mask
    Local override; warning
    @(68.0000 mm, 40.0000 mm): Segment of U_SM on F.Silkscreen
    @(44.0000 mm, 39.5500 mm): Pad 2 [A+3V3] of JP_3V3 on F.Cu
[silk_over_copper]: Silkscreen clipped by solder mask
    Local override; warning
    @(68.0000 mm, 40.0000 mm): Segment of U_SM on F.Silkscreen
    @(48.0000 mm, 39.5500 mm): Pad 2 [AGND] of JP_GND on F.Cu
[silk_over_copper]: Silkscreen clipped by solder mask
    Local override; warning
    @(42.6400 mm, 26.2100 mm): Reference field of RV5
    @(43.7000 mm, 27.0000 mm): PTH pad [<no net>] of RV7
[silk_over_copper]: Silkscreen clipped by solder mask
    Local override; warning
    @(7.8500 mm, 2.5000 mm): Reference field of D1
    @(7.2700 mm, 1.9200 mm): PTH pad C6 [<no net>] of U_SM
[silk_over_copper]: Silkscreen clipped by solder mask
    Local override; warning
    @(7.8500 mm, 6.5000 mm): Reference field of R_LED1
    @(7.2700 mm, 4.4600 mm): PTH pad C7 [<no net>] of U_SM
[silk_over_copper]: Silkscreen clipped by solder mask
    Local override; warning
    @(9.1750 mm, 0.0150 mm): Segment of U_SM on F.Silkscreen
    @(9.5000 mm, 1.4750 mm): Pad 2 [LED_1] of D1 on F.Cu
[silk_over_copper]: Silkscreen clipped by solder mask
    Local override; warning
    @(9.1750 mm, 0.0150 mm): Segment of U_SM on F.Silkscreen
    @(9.5000 mm, 5.5000 mm): Pad 2 [GND] of R_LED1 on F.Cu
[silk_over_copper]: Silkscreen clipped by solder mask
    Local override; warning
    @(9.1750 mm, 0.0150 mm): Segment of U_SM on F.Silkscreen
    @(9.5000 mm, 3.5250 mm): Pad 1 [LED_1_K] of D1 on F.Cu
[silk_over_copper]: Silkscreen clipped by solder mask
    Local override; warning
    @(9.1750 mm, 0.0150 mm): Segment of U_SM on F.Silkscreen
    @(9.5000 mm, 7.5000 mm): Pad 1 [LED_1_K] of R_LED1 on F.Cu
[silk_over_copper]: Silkscreen clipped by solder mask
    Local override; warning
    @(7.8500 mm, 6.5000 mm): Reference field of R_LED1
    @(7.2700 mm, 9.5400 mm): PTH pad C9 [<no net>] of U_SM
[silk_over_copper]: Silkscreen clipped by solder mask
    Local override; warning
    @(14.0000 mm, 20.4000 mm): Reference field of U_SR1
    @(11.5200 mm, 20.7625 mm): Pad 1 [+3V3] of C_SR1 on F.Cu
[silk_over_copper]: Silkscreen clipped by solder mask
    Local override; warning
    @(7.8500 mm, 6.5000 mm): Reference field of R_LED1
    @(7.2700 mm, 7.0000 mm): PTH pad C8 [<no net>] of U_SM
[silk_over_copper]: Silkscreen clipped by solder mask
    Local override; warning
    @(17.8500 mm, 2.5000 mm): Reference field of D5
    @(17.0000 mm, 3.5250 mm): Pad 1 [LED_4_K] of D4 on F.Cu
[silk_over_copper]: Silkscreen clipped by solder mask
    Local override; warning
    @(17.8500 mm, 2.5000 mm): Reference field of D5
    @(17.0000 mm, 1.4750 mm): Pad 2 [LED_4] of D4 on F.Cu
[silk_over_copper]: Silkscreen clipped by solder mask
    Local override; warning
    @(12.8500 mm, 2.5000 mm): Reference field of D3
    @(12.0000 mm, 3.5250 mm): Pad 1 [LED_2_K] of D2 on F.Cu
[silk_over_copper]: Silkscreen clipped by solder mask
    Local override; warning
    @(12.8500 mm, 2.5000 mm): Reference field of D3
    @(12.0000 mm, 1.4750 mm): Pad 2 [LED_2] of D2 on F.Cu
[silk_over_copper]: Silkscreen clipped by solder mask
    Local override; warning
    @(12.8500 mm, 6.5000 mm): Reference field of R_LED3
    @(12.0000 mm, 3.5250 mm): Pad 1 [LED_2_K] of D2 on F.Cu
[silk_over_copper]: Silkscreen clipped by solder mask
    Local override; warning
    @(10.3500 mm, 6.5000 mm): Reference field of R_LED2
    @(9.5000 mm, 3.5250 mm): Pad 1 [LED_1_K] of D1 on F.Cu
[silk_over_copper]: Silkscreen clipped by solder mask
    Local override; warning
    @(10.3500 mm, 2.5000 mm): Reference field of D2
    @(9.5000 mm, 3.5250 mm): Pad 1 [LED_1_K] of D1 on F.Cu
[silk_over_copper]: Silkscreen clipped by solder mask
    Local override; warning
    @(10.3500 mm, 2.5000 mm): Reference field of D2
    @(9.5000 mm, 1.4750 mm): Pad 2 [LED_1] of D1 on F.Cu
[silk_over_copper]: Silkscreen clipped by solder mask
    Local override; warning
    @(12.8500 mm, 6.5000 mm): Reference field of R_LED3
    @(12.0000 mm, 5.5000 mm): Pad 2 [GND] of R_LED2 on F.Cu
[silk_over_copper]: Silkscreen clipped by solder mask
    Local override; warning
    @(15.3500 mm, 6.5000 mm): Reference field of R_LED4
    @(14.5000 mm, 5.5000 mm): Pad 2 [GND] of R_LED3 on F.Cu
[silk_over_copper]: Silkscreen clipped by solder mask
    Local override; warning
    @(15.3500 mm, 2.5000 mm): Reference field of D4
    @(14.5000 mm, 3.5250 mm): Pad 1 [LED_3_K] of D3 on F.Cu
[silk_over_copper]: Silkscreen clipped by solder mask
    Local override; warning
    @(15.3500 mm, 6.5000 mm): Reference field of R_LED4
    @(14.5000 mm, 3.5250 mm): Pad 1 [LED_3_K] of D3 on F.Cu
[silk_over_copper]: Silkscreen clipped by solder mask
    Local override; warning
    @(15.3500 mm, 2.5000 mm): Reference field of D4
    @(14.5000 mm, 1.4750 mm): Pad 2 [LED_3] of D3 on F.Cu
[silk_over_copper]: Silkscreen clipped by solder mask
    Local override; warning
    @(15.3500 mm, 6.5000 mm): Reference field of R_LED4
    @(14.5000 mm, 7.5000 mm): Pad 1 [LED_3_K] of R_LED3 on F.Cu
[silk_over_copper]: Silkscreen clipped by solder mask
    Local override; warning
    @(12.8500 mm, 6.5000 mm): Reference field of R_LED3
    @(12.0000 mm, 7.5000 mm): Pad 1 [LED_2_K] of R_LED2 on F.Cu
[silk_over_copper]: Silkscreen clipped by solder mask
    Local override; warning
    @(10.3500 mm, 6.5000 mm): Reference field of R_LED2
    @(9.5000 mm, 7.5000 mm): Pad 1 [LED_1_K] of R_LED1 on F.Cu
[silk_over_copper]: Silkscreen clipped by solder mask
    Local override; warning
    @(10.3500 mm, 6.5000 mm): Reference field of R_LED2
    @(9.5000 mm, 5.5000 mm): Pad 2 [GND] of R_LED1 on F.Cu
[silk_over_copper]: Silkscreen clipped by solder mask
    Local override; warning
    @(22.8500 mm, 6.5000 mm): Reference field of R_LED7
    @(22.0000 mm, 7.5000 mm): Pad 1 [LED_6_K] of R_LED6 on F.Cu
[silk_over_copper]: Silkscreen clipped by solder mask
    Local override; warning
    @(22.8500 mm, 6.5000 mm): Reference field of R_LED7
    @(22.0000 mm, 5.5000 mm): Pad 2 [GND] of R_LED6 on F.Cu
[silk_over_copper]: Silkscreen clipped by solder mask
    Local override; warning
    @(25.3500 mm, 6.5000 mm): Reference field of R_LED8
    @(24.5000 mm, 7.5000 mm): Pad 1 [LED_7_K] of R_LED7 on F.Cu
[silk_over_copper]: Silkscreen clipped by solder mask
    Local override; warning
    @(25.3500 mm, 6.5000 mm): Reference field of R_LED8
    @(24.5000 mm, 5.5000 mm): Pad 2 [GND] of R_LED7 on F.Cu
[silk_over_copper]: Silkscreen clipped by solder mask
    Local override; warning
    @(25.3500 mm, 6.5000 mm): Reference field of R_LED8
    @(24.5000 mm, 3.5250 mm): Pad 1 [LED_7_K] of D7 on F.Cu
[silk_over_copper]: Silkscreen clipped by solder mask
    Local override; warning
    @(17.8500 mm, 6.5000 mm): Reference field of R_LED5
    @(17.0000 mm, 3.5250 mm): Pad 1 [LED_4_K] of D4 on F.Cu
[silk_over_copper]: Silkscreen clipped by solder mask
    Local override; warning
    @(17.8500 mm, 6.5000 mm): Reference field of R_LED5
    @(17.0000 mm, 7.5000 mm): Pad 1 [LED_4_K] of R_LED4 on F.Cu
[silk_over_copper]: Silkscreen clipped by solder mask
    Local override; warning
    @(17.8500 mm, 6.5000 mm): Reference field of R_LED5
    @(17.0000 mm, 5.5000 mm): Pad 2 [GND] of R_LED4 on F.Cu
[silk_over_copper]: Silkscreen clipped by solder mask
    Local override; warning
    @(20.3500 mm, 6.5000 mm): Reference field of R_LED6
    @(19.5000 mm, 7.5000 mm): Pad 1 [LED_5_K] of R_LED5 on F.Cu
[silk_over_copper]: Silkscreen clipped by solder mask
    Local override; warning
    @(20.3500 mm, 6.5000 mm): Reference field of R_LED6
    @(19.5000 mm, 5.5000 mm): Pad 2 [GND] of R_LED5 on F.Cu
[silk_over_copper]: Silkscreen clipped by solder mask
    Local override; warning
    @(22.8500 mm, 6.5000 mm): Reference field of R_LED7
    @(22.0000 mm, 3.5250 mm): Pad 1 [LED_6_K] of D6 on F.Cu
[silk_over_copper]: Silkscreen clipped by solder mask
    Local override; warning
    @(22.8500 mm, 2.5000 mm): Reference field of D7
    @(22.0000 mm, 3.5250 mm): Pad 1 [LED_6_K] of D6 on F.Cu
[silk_over_copper]: Silkscreen clipped by solder mask
    Local override; warning
    @(22.8500 mm, 2.5000 mm): Reference field of D7
    @(22.0000 mm, 1.4750 mm): Pad 2 [LED_6] of D6 on F.Cu
[silk_over_copper]: Silkscreen clipped by solder mask
    Local override; warning
    @(20.3500 mm, 6.5000 mm): Reference field of R_LED6
    @(19.5000 mm, 3.5250 mm): Pad 1 [LED_5_K] of D5 on F.Cu
[silk_over_copper]: Silkscreen clipped by solder mask
    Local override; warning
    @(20.3500 mm, 2.5000 mm): Reference field of D6
    @(19.5000 mm, 3.5250 mm): Pad 1 [LED_5_K] of D5 on F.Cu
[silk_over_copper]: Silkscreen clipped by solder mask
    Local override; warning
    @(20.3500 mm, 2.5000 mm): Reference field of D6
    @(19.5000 mm, 1.4750 mm): Pad 2 [LED_5] of D5 on F.Cu
[silk_over_copper]: Silkscreen clipped by solder mask
    Local override; warning
    @(14.0000 mm, 35.9000 mm): Reference field of U_SR2
    @(11.5200 mm, 36.2625 mm): Pad 1 [+3V3] of C_SR2 on F.Cu
[silk_over_copper]: Silkscreen clipped by solder mask
    Local override; warning
    @(42.1400 mm, 51.2100 mm): Reference field of RV4
    @(43.2500 mm, 52.0000 mm): PTH pad [<no net>] of RV6
[silk_over_copper]: Silkscreen clipped by solder mask
    Local override; warning
    @(29.0900 mm, 51.2100 mm): Reference field of RV2
    @(30.2000 mm, 52.0000 mm): PTH pad [<no net>] of RV4

** Found 183 unconnected pads **
[unconnected_items]: Missing connection between items
    Local override; error
    @(27.0000 mm, 3.5250 mm): Pad 1 [LED_8_K] of D8 on F.Cu
    @(27.0000 mm, 7.5000 mm): Pad 1 [LED_8_K] of R_LED8 on F.Cu
[unconnected_items]: Missing connection between items
    Local override; error
    @(16.4750 mm, 29.3650 mm): Pad 5 [LED_8] of U_SR2 on F.Cu
    @(27.0000 mm, 1.4750 mm): Pad 2 [LED_8] of D8 on F.Cu
[unconnected_items]: Missing connection between items
    Local override; error
    @(25.9750 mm, 22.4050 mm): Pad 11 [BTN_1] of U_IN1 on F.Cu
    @(24.5000 mm, 28.5000 mm): Pad 2 [BTN_1] of R_BTN on F.Cu
[unconnected_items]: Missing connection between items
    Local override; error
    @(70.0000 mm, 4.0000 mm): PTH pad 1 [BTN_1] of SW1
    @(25.9750 mm, 22.4050 mm): Pad 11 [BTN_1] of U_IN1 on F.Cu
[unconnected_items]: Missing connection between items
    Local override; error
    @(76.5000 mm, 4.0000 mm): PTH pad 1 [BTN_1] of SW1
    @(70.0000 mm, 4.0000 mm): PTH pad 1 [BTN_1] of SW1
[unconnected_items]: Missing connection between items
    Local override; error
    @(11.5250 mm, 15.1350 mm): Pad 13 [GND] of U_SR1 on F.Cu
    @(16.4750 mm, 10.0550 mm): Pad 8 [GND] of U_SR1 on F.Cu
[unconnected_items]: Missing connection between items
    Local override; error
    @(11.5250 mm, 30.6350 mm): Pad 13 [GND] of U_SR2 on F.Cu
    @(16.4750 mm, 25.5550 mm): Pad 8 [GND] of U_SR2 on F.Cu
[unconnected_items]: Missing connection between items
    Local override; error
    @(11.5250 mm, 30.6350 mm): Pad 13 [GND] of U_SR2 on F.Cu
    @(11.5200 mm, 38.3375 mm): Pad 2 [GND] of C_SR2 on F.Cu
[unconnected_items]: Missing connection between items
    Local override; error
    @(12.0000 mm, 5.5000 mm): Pad 2 [GND] of R_LED2 on F.Cu
    @(9.5000 mm, 5.5000 mm): Pad 2 [GND] of R_LED1 on F.Cu
[unconnected_items]: Missing connection between items
    Local override; error
    @(14.5000 mm, 5.5000 mm): Pad 2 [GND] of R_LED3 on F.Cu
    @(12.0000 mm, 5.5000 mm): Pad 2 [GND] of R_LED2 on F.Cu
[unconnected_items]: Missing connection between items
    Local override; error
    @(16.4750 mm, 25.5550 mm): Pad 8 [GND] of U_SR2 on F.Cu
    @(21.0250 mm, 24.9450 mm): Pad 8 [GND] of U_IN1 on F.Cu
[unconnected_items]: Missing connection between items
    Local override; error
    @(16.4750 mm, 25.5550 mm): Pad 8 [GND] of U_SR2 on F.Cu
    @(11.5200 mm, 22.8375 mm): Pad 2 [GND] of C_SR1 on F.Cu
[unconnected_items]: Missing connection between items
    Local override; error
    @(17.0000 mm, 5.5000 mm): Pad 2 [GND] of R_LED4 on F.Cu
    @(14.5000 mm, 5.5000 mm): Pad 2 [GND] of R_LED3 on F.Cu
[unconnected_items]: Missing connection between items
    Local override; error
    @(17.0000 mm, 5.5000 mm): Pad 2 [GND] of R_LED4 on F.Cu
    @(16.4750 mm, 10.0550 mm): Pad 8 [GND] of U_SR1 on F.Cu
[unconnected_items]: Missing connection between items
    Local override; error
    @(19.5000 mm, 5.5000 mm): Pad 2 [GND] of R_LED5 on F.Cu
    @(17.0000 mm, 5.5000 mm): Pad 2 [GND] of R_LED4 on F.Cu
[unconnected_items]: Missing connection between items
    Local override; error
    @(21.0250 mm, 19.8650 mm): Pad 4 [GND] of U_IN1 on F.Cu
    @(21.0250 mm, 21.1350 mm): Pad 5 [GND] of U_IN1 on F.Cu
[unconnected_items]: Missing connection between items
    Local override; error
    @(21.0250 mm, 19.8650 mm): Pad 4 [GND] of U_IN1 on F.Cu
    @(21.0250 mm, 18.5950 mm): Pad 3 [GND] of U_IN1 on F.Cu
[unconnected_items]: Missing connection between items
    Local override; error
    @(21.0250 mm, 22.4050 mm): Pad 6 [GND] of U_IN1 on F.Cu
    @(21.0250 mm, 21.1350 mm): Pad 5 [GND] of U_IN1 on F.Cu
[unconnected_items]: Missing connection between items
    Local override; error
    @(21.0250 mm, 22.4050 mm): Pad 6 [GND] of U_IN1 on F.Cu
    @(21.0250 mm, 24.9450 mm): Pad 8 [GND] of U_IN1 on F.Cu
[unconnected_items]: Missing connection between items
    Local override; error
    @(22.0000 mm, 5.5000 mm): Pad 2 [GND] of R_LED6 on F.Cu
    @(19.5000 mm, 5.5000 mm): Pad 2 [GND] of R_LED5 on F.Cu
[unconnected_items]: Missing connection between items
    Local override; error
    @(24.5000 mm, 5.5000 mm): Pad 2 [GND] of R_LED7 on F.Cu
    @(22.0000 mm, 5.5000 mm): Pad 2 [GND] of R_LED6 on F.Cu
[unconnected_items]: Missing connection between items
    Local override; error
    @(24.5375 mm, 32.0000 mm): Pad 2 [GND] of C_B3V3 on F.Cu
    @(21.0250 mm, 24.9450 mm): Pad 8 [GND] of U_IN1 on F.Cu
[unconnected_items]: Missing connection between items
    Local override; error
    @(25.9750 mm, 17.3250 mm): Pad 15 [GND] of U_IN1 on F.Cu
    @(25.9750 mm, 18.5950 mm): Pad 14 [GND] of U_IN1 on F.Cu
[unconnected_items]: Missing connection between items
    Local override; error
    @(25.9750 mm, 19.8650 mm): Pad 13 [GND] of U_IN1 on F.Cu
    @(25.9750 mm, 18.5950 mm): Pad 14 [GND] of U_IN1 on F.Cu
[unconnected_items]: Missing connection between items
    Local override; error
    @(25.9750 mm, 19.8650 mm): Pad 13 [GND] of U_IN1 on F.Cu
    @(21.0250 mm, 19.8650 mm): Pad 4 [GND] of U_IN1 on F.Cu
[unconnected_items]: Missing connection between items
    Local override; error
    @(25.9750 mm, 21.1350 mm): Pad 12 [GND] of U_IN1 on F.Cu
    @(25.9750 mm, 19.8650 mm): Pad 13 [GND] of U_IN1 on F.Cu
[unconnected_items]: Missing connection between items
    Local override; error
    @(25.9750 mm, 23.6750 mm): Pad 10 [GND] of U_IN1 on F.Cu
    @(25.9750 mm, 21.1350 mm): Pad 12 [GND] of U_IN1 on F.Cu
[unconnected_items]: Missing connection between items
    Local override; error
    @(25.9800 mm, 12.1625 mm): Pad 2 [GND] of C_IN1 on F.Cu
    @(25.9750 mm, 17.3250 mm): Pad 15 [GND] of U_IN1 on F.Cu
[unconnected_items]: Missing connection between items
    Local override; error
    @(27.0000 mm, 5.5000 mm): Pad 2 [GND] of R_LED8 on F.Cu
    @(24.5000 mm, 5.5000 mm): Pad 2 [GND] of R_LED7 on F.Cu
[unconnected_items]: Missing connection between items
    Local override; error
    @(27.0000 mm, 5.5000 mm): Pad 2 [GND] of R_LED8 on F.Cu
    @(25.9800 mm, 12.1625 mm): Pad 2 [GND] of C_IN1 on F.Cu
[unconnected_items]: Missing connection between items
    Local override; error
    @(48.0000 mm, 38.2500 mm): Pad 1 [GND] of JP_GND on F.Cu
    @(24.5375 mm, 32.0000 mm): Pad 2 [GND] of C_B3V3 on F.Cu
[unconnected_items]: Missing connection between items
    Local override; error
    @(58.4600 mm, 35.2700 mm): PTH pad A4 [GND] of U_SM
    @(58.4600 mm, 32.7300 mm): PTH pad A7 [GND] of U_SM
[unconnected_items]: Missing connection between items
    Local override; error
    @(58.4600 mm, 35.2700 mm): PTH pad A4 [GND] of U_SM
    @(48.0000 mm, 38.2500 mm): Pad 1 [GND] of JP_GND on F.Cu
[unconnected_items]: Missing connection between items
    Local override; error
    @(70.0000 mm, 8.5000 mm): PTH pad 2 [GND] of SW1
    @(75.5000 mm, 11.5000 mm): Pad 1 [GND] of TP_GND on F.Cu
[unconnected_items]: Missing connection between items
    Local override; error
    @(71.0375 mm, 36.8000 mm): Pad 2 [GND] of C_BP12 on F.Cu
    @(76.0375 mm, 36.8000 mm): Pad 2 [GND] of C_BN12 on F.Cu
[unconnected_items]: Missing connection between items
    Local override; error
    @(71.0375 mm, 36.8000 mm): Pad 2 [GND] of C_BP12 on F.Cu
    @(72.0000 mm, 24.5800 mm): PTH pad 5 [GND] of J_PWR
[unconnected_items]: Missing connection between items
    Local override; error
    @(71.0375 mm, 36.8000 mm): Pad 2 [GND] of C_BP12 on F.Cu
    @(58.4600 mm, 35.2700 mm): PTH pad A4 [GND] of U_SM
[unconnected_items]: Missing connection between items
    Local override; error
    @(72.0000 mm, 22.0400 mm): PTH pad 3 [GND] of J_PWR
    @(74.5400 mm, 22.0400 mm): PTH pad 4 [GND] of J_PWR
[unconnected_items]: Missing connection between items
    Local override; error
    @(74.5400 mm, 22.0400 mm): PTH pad 4 [GND] of J_PWR
    @(74.5400 mm, 24.5800 mm): PTH pad 6 [GND] of J_PWR
[unconnected_items]: Missing connection between items
    Local override; error
    @(74.5400 mm, 22.0400 mm): PTH pad 4 [GND] of J_PWR
    @(75.5000 mm, 11.5000 mm): Pad 1 [GND] of TP_GND on F.Cu
[unconnected_items]: Missing connection between items
    Local override; error
    @(74.5400 mm, 24.5800 mm): PTH pad 6 [GND] of J_PWR
    @(72.0000 mm, 24.5800 mm): PTH pad 5 [GND] of J_PWR
[unconnected_items]: Missing connection between items
    Local override; error
    @(76.5000 mm, 8.5000 mm): PTH pad 2 [GND] of SW1
    @(75.5000 mm, 11.5000 mm): Pad 1 [GND] of TP_GND on F.Cu
[unconnected_items]: Missing connection between items
    Local override; error
    @(2.6000 mm, 47.0000 mm): PTH pad S [AGND] of J_AUDIO
    @(8.5000 mm, 56.0000 mm): Pad 1 [AGND] of TP_AGND on F.Cu
[unconnected_items]: Missing connection between items
    Local override; error
    @(8.5000 mm, 56.0000 mm): Pad 1 [AGND] of TP_AGND on F.Cu
    @(19.5000 mm, 58.5000 mm): Pad 1 [AGND] of R_LO1 on F.Cu
[unconnected_items]: Missing connection between items
    Local override; error
    @(19.5000 mm, 58.5000 mm): Pad 1 [AGND] of R_LO1 on F.Cu
    @(28.5000 mm, 58.5000 mm): Pad 1 [AGND] of R_LO2 on F.Cu
[unconnected_items]: Missing connection between items
    Local override; error
    @(24.4500 mm, 44.5000 mm): PTH pad 1 [AGND] of RV2
    @(25.0000 mm, 41.5000 mm): Pad 1 [AGND] of R_SP14 on F.Cu
[unconnected_items]: Missing connection between items
    Local override; error
    @(25.0000 mm, 41.5000 mm): Pad 1 [AGND] of R_SP14 on F.Cu
    @(31.0000 mm, 41.5000 mm): Pad 1 [AGND] of R_SP15 on F.Cu
[unconnected_items]: Missing connection between items
    Local override; error
    @(25.0000 mm, 41.5000 mm): Pad 1 [AGND] of R_SP14 on F.Cu
    @(19.0000 mm, 41.5000 mm): Pad 1 [AGND] of R_SP13 on F.Cu
[unconnected_items]: Missing connection between items
    Local override; error
    @(28.5000 mm, 58.5000 mm): Pad 1 [AGND] of R_LO2 on F.Cu
    @(37.5000 mm, 58.5000 mm): Pad 1 [AGND] of R_LO3 on F.Cu
[unconnected_items]: Missing connection between items
    Local override; error
    @(29.0000 mm, 36.6000 mm): Pad 1 [AGND] of R_SP10 on F.Cu
    @(33.0000 mm, 36.6000 mm): Pad 1 [AGND] of R_SP11 on F.Cu
[unconnected_items]: Missing connection between items
    Local override; error
    @(31.0000 mm, 41.5000 mm): Pad 1 [AGND] of R_SP15 on F.Cu
    @(33.0000 mm, 36.6000 mm): Pad 1 [AGND] of R_SP11 on F.Cu
[unconnected_items]: Missing connection between items
    Local override; error
    @(31.0000 mm, 41.5000 mm): Pad 1 [AGND] of R_SP15 on F.Cu
    @(37.5000 mm, 44.5000 mm): PTH pad 1 [AGND] of RV4
[unconnected_items]: Missing connection between items
    Local override; error
    @(35.0000 mm, 33.6000 mm): Pad 2 [AGND] of R_REFA2 on F.Cu
    @(33.0000 mm, 36.6000 mm): Pad 1 [AGND] of R_SP11 on F.Cu
[unconnected_items]: Missing connection between items
    Local override; error
    @(37.0000 mm, 36.6000 mm): Pad 1 [AGND] of R_SP12 on F.Cu
    @(35.0000 mm, 33.6000 mm): Pad 2 [AGND] of R_REFA2 on F.Cu
[unconnected_items]: Missing connection between items
    Local override; error
    @(37.5000 mm, 58.5000 mm): Pad 1 [AGND] of R_LO3 on F.Cu
    @(46.5000 mm, 58.5000 mm): Pad 1 [AGND] of R_LO4 on F.Cu
[unconnected_items]: Missing connection between items
    Local override; error
    @(38.0000 mm, 19.5000 mm): PTH pad 1 [AGND] of RV5
    @(51.0000 mm, 19.5000 mm): PTH pad 1 [AGND] of RV7
[unconnected_items]: Missing connection between items
    Local override; error
    @(43.0000 mm, 33.6000 mm): Pad 2 [AGND] of R_REFB2 on F.Cu
    @(37.0000 mm, 36.6000 mm): Pad 1 [AGND] of R_SP12 on F.Cu
[unconnected_items]: Missing connection between items
    Local override; error
    @(46.5000 mm, 58.5000 mm): Pad 1 [AGND] of R_LO4 on F.Cu
    @(53.0375 mm, 58.5000 mm): Pad 2 [AGND] of C_BA3V3 on F.Cu
[unconnected_items]: Missing connection between items
    Local override; error
    @(48.0000 mm, 39.5500 mm): Pad 2 [AGND] of JP_GND on F.Cu
    @(50.5500 mm, 44.5000 mm): PTH pad 1 [AGND] of RV6
[unconnected_items]: Missing connection between items
    Local override; error
    @(48.0000 mm, 39.5500 mm): Pad 2 [AGND] of JP_GND on F.Cu
    @(43.0000 mm, 33.6000 mm): Pad 2 [AGND] of R_REFB2 on F.Cu
[unconnected_items]: Missing connection between items
    Local override; error
    @(50.5500 mm, 44.5000 mm): PTH pad 1 [AGND] of RV6
    @(56.1250 mm, 54.1750 mm): Pad 7 [AGND] of U_MUX8 on F.Cu
[unconnected_items]: Missing connection between items
    Local override; error
    @(51.0000 mm, 5.5000 mm): PTH pad 1 [AGND] of RV3
    @(38.0000 mm, 5.5000 mm): PTH pad 1 [AGND] of RV1
[unconnected_items]: Missing connection between items
    Local override; error
    @(51.0000 mm, 5.5000 mm): PTH pad 1 [AGND] of RV3
    @(51.0000 mm, 19.5000 mm): PTH pad 1 [AGND] of RV7
[unconnected_items]: Missing connection between items
    Local override; error
    @(51.0000 mm, 19.5000 mm): PTH pad 1 [AGND] of RV7
    @(51.0000 mm, 33.6000 mm): Pad 2 [AGND] of R_REFC2 on F.Cu
[unconnected_items]: Missing connection between items
    Local override; error
    @(51.0000 mm, 33.6000 mm): Pad 2 [AGND] of R_REFC2 on F.Cu
    @(48.0000 mm, 39.5500 mm): Pad 2 [AGND] of JP_GND on F.Cu
[unconnected_items]: Missing connection between items
    Local override; error
    @(51.0000 mm, 33.6000 mm): Pad 2 [AGND] of R_REFC2 on F.Cu
    @(56.1200 mm, 39.1625 mm): Pad 2 [AGND] of C_COM8 on F.Cu
[unconnected_items]: Missing connection between items
    Local override; error
    @(56.1250 mm, 55.4450 mm): Pad 8 [AGND] of U_MUX8 on F.Cu
    @(56.1250 mm, 54.1750 mm): Pad 7 [AGND] of U_MUX8 on F.Cu
[unconnected_items]: Missing connection between items
    Local override; error
    @(56.1250 mm, 55.4450 mm): Pad 8 [AGND] of U_MUX8 on F.Cu
    @(53.0375 mm, 58.5000 mm): Pad 2 [AGND] of C_BA3V3 on F.Cu
[unconnected_items]: Missing connection between items
    Local override; error
    @(56.1250 mm, 55.4450 mm): Pad 8 [AGND] of U_MUX8 on F.Cu
    @(64.8500 mm, 58.4850 mm): Pad 12 [AGND] of U_MUX16 on F.Cu
[unconnected_items]: Missing connection between items
    Local override; error
    @(61.0800 mm, 42.6925 mm): Pad 2 [AGND] of C_M8 on F.Cu
    @(56.1200 mm, 39.1625 mm): Pad 2 [AGND] of C_COM8 on F.Cu
[unconnected_items]: Missing connection between items
    Local override; error
    @(67.9375 mm, 41.0000 mm): Pad 2 [AGND] of C_COM16 on F.Cu
    @(61.0800 mm, 42.6925 mm): Pad 2 [AGND] of C_M8 on F.Cu
[unconnected_items]: Missing connection between items
    Local override; error
    @(74.1500 mm, 40.4425 mm): Pad 2 [AGND] of C_M16 on F.Cu
    @(67.9375 mm, 41.0000 mm): Pad 2 [AGND] of C_COM16 on F.Cu
[unconnected_items]: Missing connection between items
    Local override; error
    @(35.5000 mm, 5.5000 mm): PTH pad 2 [MUX16_CH0] of RV1
    @(64.8500 mm, 54.6750 mm): Pad 9 [MUX16_CH0] of U_MUX16 on F.Cu
[unconnected_items]: Missing connection between items
    Local override; error
    @(12.5000 mm, 56.0000 mm): Pad 1 [A+3V3] of TP_A3V3 on F.Cu
    @(15.0000 mm, 58.5000 mm): Pad 1 [A+3V3] of R_HI1 on F.Cu
[unconnected_items]: Missing connection between items
    Local override; error
    @(12.5000 mm, 56.0000 mm): Pad 1 [A+3V3] of TP_A3V3 on F.Cu
    @(19.4500 mm, 44.5000 mm): PTH pad 3 [A+3V3] of RV2
[unconnected_items]: Missing connection between items
    Local override; error
    @(15.0000 mm, 58.5000 mm): Pad 1 [A+3V3] of R_HI1 on F.Cu
    @(24.0000 mm, 58.5000 mm): Pad 1 [A+3V3] of R_HI2 on F.Cu
[unconnected_items]: Missing connection between items
    Local override; error
    @(19.4500 mm, 44.5000 mm): PTH pad 3 [A+3V3] of RV2
    @(32.5000 mm, 44.5000 mm): PTH pad 3 [A+3V3] of RV4
[unconnected_items]: Missing connection between items
    Local override; error
    @(24.0000 mm, 58.5000 mm): Pad 1 [A+3V3] of R_HI2 on F.Cu
    @(33.0000 mm, 58.5000 mm): Pad 1 [A+3V3] of R_HI3 on F.Cu
[unconnected_items]: Missing connection between items
    Local override; error
    @(29.0000 mm, 33.6000 mm): Pad 1 [A+3V3] of R_REFA1 on F.Cu
    @(32.5000 mm, 44.5000 mm): PTH pad 3 [A+3V3] of RV4
[unconnected_items]: Missing connection between items
    Local override; error
    @(33.0000 mm, 5.5000 mm): PTH pad 3 [A+3V3] of RV1
    @(33.0000 mm, 19.5000 mm): PTH pad 3 [A+3V3] of RV5
[unconnected_items]: Missing connection between items
    Local override; error
    @(33.0000 mm, 19.5000 mm): PTH pad 3 [A+3V3] of RV5
    @(46.0000 mm, 19.5000 mm): PTH pad 3 [A+3V3] of RV7
[unconnected_items]: Missing connection between items
    Local override; error
    @(33.0000 mm, 58.5000 mm): Pad 1 [A+3V3] of R_HI3 on F.Cu
    @(42.0000 mm, 58.5000 mm): Pad 1 [A+3V3] of R_HI4 on F.Cu
[unconnected_items]: Missing connection between items
    Local override; error
    @(37.0000 mm, 33.6000 mm): Pad 1 [A+3V3] of R_REFB1 on F.Cu
    @(29.0000 mm, 33.6000 mm): Pad 1 [A+3V3] of R_REFA1 on F.Cu
[unconnected_items]: Missing connection between items
    Local override; error
    @(42.0000 mm, 58.5000 mm): Pad 1 [A+3V3] of R_HI4 on F.Cu
    @(50.9625 mm, 58.5000 mm): Pad 1 [A+3V3] of C_BA3V3 on F.Cu
[unconnected_items]: Missing connection between items
    Local override; error
    @(44.0000 mm, 39.5500 mm): Pad 2 [A+3V3] of JP_3V3 on F.Cu
    @(45.0000 mm, 33.6000 mm): Pad 1 [A+3V3] of R_REFC1 on F.Cu
[unconnected_items]: Missing connection between items
    Local override; error
    @(45.0000 mm, 33.6000 mm): Pad 1 [A+3V3] of R_REFC1 on F.Cu
    @(37.0000 mm, 33.6000 mm): Pad 1 [A+3V3] of R_REFB1 on F.Cu
[unconnected_items]: Missing connection between items
    Local override; error
    @(45.5500 mm, 44.5000 mm): PTH pad 3 [A+3V3] of RV6
    @(44.0000 mm, 39.5500 mm): Pad 2 [A+3V3] of JP_3V3 on F.Cu
[unconnected_items]: Missing connection between items
    Local override; error
    @(45.5500 mm, 44.5000 mm): PTH pad 3 [A+3V3] of RV6
    @(61.0800 mm, 44.7675 mm): Pad 1 [A+3V3] of C_M8 on F.Cu
[unconnected_items]: Missing connection between items
    Local override; error
    @(46.0000 mm, 5.5000 mm): PTH pad 3 [A+3V3] of RV3
    @(33.0000 mm, 5.5000 mm): PTH pad 3 [A+3V3] of RV1
[unconnected_items]: Missing connection between items
    Local override; error
    @(46.0000 mm, 19.5000 mm): PTH pad 3 [A+3V3] of RV7
    @(45.0000 mm, 33.6000 mm): Pad 1 [A+3V3] of R_REFC1 on F.Cu
[unconnected_items]: Missing connection between items
    Local override; error
    @(61.0750 mm, 46.5550 mm): Pad 16 [A+3V3] of U_MUX8 on F.Cu
    @(61.0800 mm, 44.7675 mm): Pad 1 [A+3V3] of C_M8 on F.Cu
[unconnected_items]: Missing connection between items
    Local override; error
    @(74.1500 mm, 44.5150 mm): Pad 24 [A+3V3] of U_MUX16 on F.Cu
    @(74.1500 mm, 42.5175 mm): Pad 1 [A+3V3] of C_M16 on F.Cu
[unconnected_items]: Missing connection between items
    Local override; error
    @(74.1500 mm, 44.5150 mm): Pad 24 [A+3V3] of U_MUX16 on F.Cu
    @(61.0800 mm, 44.7675 mm): Pad 1 [A+3V3] of C_M8 on F.Cu
[unconnected_items]: Missing connection between items
    Local override; error
    @(33.0000 mm, 41.5000 mm): Pad 2 [MUX16_CH15] of R_SP15 on F.Cu
    @(74.1500 mm, 54.6750 mm): Pad 16 [MUX16_CH15] of U_MUX16 on F.Cu
[unconnected_items]: Missing connection between items
    Local override; error
    @(19.5000 mm, 3.5250 mm): Pad 1 [LED_5_K] of D5 on F.Cu
    @(19.5000 mm, 7.5000 mm): Pad 1 [LED_5_K] of R_LED5 on F.Cu
[unconnected_items]: Missing connection between items
    Local override; error
    @(16.4750 mm, 33.1750 mm): Pad 2 [LED_5] of U_SR2 on F.Cu
    @(19.5000 mm, 1.4750 mm): Pad 2 [LED_5] of D5 on F.Cu
[unconnected_items]: Missing connection between items
    Local override; error
    @(11.5200 mm, 36.2625 mm): Pad 1 [+3V3] of C_SR2 on F.Cu
    @(11.5250 mm, 34.4450 mm): Pad 16 [+3V3] of U_SR2 on F.Cu
[unconnected_items]: Missing connection between items
    Local override; error
    @(11.5250 mm, 18.9450 mm): Pad 16 [+3V3] of U_SR1 on F.Cu
    @(11.5200 mm, 20.7625 mm): Pad 1 [+3V3] of C_SR1 on F.Cu
[unconnected_items]: Missing connection between items
    Local override; error
    @(11.5250 mm, 18.9450 mm): Pad 16 [+3V3] of U_SR1 on F.Cu
    @(11.5250 mm, 11.3250 mm): Pad 10 [+3V3] of U_SR1 on F.Cu
[unconnected_items]: Missing connection between items
    Local override; error
    @(11.5250 mm, 26.8250 mm): Pad 10 [+3V3] of U_SR2 on F.Cu
    @(11.5200 mm, 20.7625 mm): Pad 1 [+3V3] of C_SR1 on F.Cu
[unconnected_items]: Missing connection between items
    Local override; error
    @(11.5250 mm, 26.8250 mm): Pad 10 [+3V3] of U_SR2 on F.Cu
    @(11.5250 mm, 34.4450 mm): Pad 16 [+3V3] of U_SR2 on F.Cu
[unconnected_items]: Missing connection between items
    Local override; error
    @(11.5250 mm, 26.8250 mm): Pad 10 [+3V3] of U_SR2 on F.Cu
    @(22.5000 mm, 28.5000 mm): Pad 1 [+3V3] of R_BTN on F.Cu
[unconnected_items]: Missing connection between items
    Local override; error
    @(22.5000 mm, 28.5000 mm): Pad 1 [+3V3] of R_BTN on F.Cu
    @(22.4625 mm, 32.0000 mm): Pad 1 [+3V3] of C_B3V3 on F.Cu
[unconnected_items]: Missing connection between items
    Local override; error
    @(22.5000 mm, 28.5000 mm): Pad 1 [+3V3] of R_BTN on F.Cu
    @(25.9750 mm, 16.0550 mm): Pad 16 [+3V3] of U_IN1 on F.Cu
[unconnected_items]: Missing connection between items
    Local override; error
    @(25.9800 mm, 14.2375 mm): Pad 1 [+3V3] of C_IN1 on F.Cu
    @(25.9750 mm, 16.0550 mm): Pad 16 [+3V3] of U_IN1 on F.Cu
[unconnected_items]: Missing connection between items
    Local override; error
    @(44.0000 mm, 38.2500 mm): Pad 1 [+3V3] of JP_3V3 on F.Cu
    @(22.4625 mm, 32.0000 mm): Pad 1 [+3V3] of C_B3V3 on F.Cu
[unconnected_items]: Missing connection between items
    Local override; error
    @(44.0000 mm, 38.2500 mm): Pad 1 [+3V3] of JP_3V3 on F.Cu
    @(66.0800 mm, 32.7300 mm): PTH pad A10 [+3V3] of U_SM
[unconnected_items]: Missing connection between items
    Local override; error
    @(78.3000 mm, 36.8000 mm): Pad 1 [+3V3] of TP_3V3 on F.Cu
    @(66.0800 mm, 32.7300 mm): PTH pad A10 [+3V3] of U_SM
[unconnected_items]: Missing connection between items
    Local override; error
    @(24.5000 mm, 3.5250 mm): Pad 1 [LED_7_K] of D7 on F.Cu
    @(24.5000 mm, 7.5000 mm): Pad 1 [LED_7_K] of R_LED7 on F.Cu
[unconnected_items]: Missing connection between items
    Local override; error
    @(41.0000 mm, 33.6000 mm): Pad 1 [MUX16_CH9] of R_REFB2 on F.Cu
    @(39.0000 mm, 33.6000 mm): Pad 2 [MUX16_CH9] of R_REFB1 on F.Cu
[unconnected_items]: Missing connection between items
    Local override; error
    @(74.1500 mm, 47.0550 mm): Pad 22 [MUX16_CH9] of U_MUX16 on F.Cu
    @(41.0000 mm, 33.6000 mm): Pad 1 [MUX16_CH9] of R_REFB2 on F.Cu
[unconnected_items]: Missing connection between items
    Local override; error
    @(64.8500 mm, 44.5150 mm): Pad 1 [MUX16_COM] of U_MUX16 on F.Cu
    @(65.8625 mm, 41.0000 mm): Pad 1 [MUX16_COM] of C_COM16 on F.Cu
[unconnected_items]: Missing connection between items
    Local override; error
    @(65.8625 mm, 41.0000 mm): Pad 1 [MUX16_COM] of C_COM16 on F.Cu
    @(63.5000 mm, 41.0000 mm): Pad 1 [MUX16_COM] of TP_COM16 on F.Cu
[unconnected_items]: Missing connection between items
    Local override; error
    @(69.8000 mm, 41.0000 mm): Pad 1 [MUX16_COM] of R_S16 on F.Cu
    @(65.8625 mm, 41.0000 mm): Pad 1 [MUX16_COM] of C_COM16 on F.Cu
[unconnected_items]: Missing connection between items
    Local override; error
    @(35.0000 mm, 58.5000 mm): Pad 2 [MUX8_CH1] of R_HI3 on F.Cu
    @(61.0750 mm, 49.0950 mm): Pad 14 [MUX8_CH1] of U_MUX8 on F.Cu
[unconnected_items]: Missing connection between items
    Local override; error
    @(63.5400 mm, 4.7300 mm): PTH pad D9 [SENSE_ADC12_TP] of U_SM
    @(72.5000 mm, 11.5000 mm): Pad 1 [SENSE_ADC12_TP] of TP_ADC12 on F.Cu
[unconnected_items]: Missing connection between items
    Local override; error
    @(55.9200 mm, 35.2700 mm): PTH pad A5 [+12V] of U_SM
    @(68.9625 mm, 36.8000 mm): Pad 1 [+12V] of C_BP12 on F.Cu
[unconnected_items]: Missing connection between items
    Local override; error
    @(72.0000 mm, 29.6600 mm): PTH pad 9 [+12V] of J_PWR
    @(68.9625 mm, 36.8000 mm): Pad 1 [+12V] of C_BP12 on F.Cu
[unconnected_items]: Missing connection between items
    Local override; error
    @(74.5400 mm, 29.6600 mm): PTH pad 10 [+12V] of J_PWR
    @(72.0000 mm, 29.6600 mm): PTH pad 9 [+12V] of J_PWR
[unconnected_items]: Missing connection between items
    Local override; error
    @(48.0500 mm, 44.5000 mm): PTH pad 2 [MUX8_CH2] of RV6
    @(61.0750 mm, 47.8250 mm): Pad 15 [MUX8_CH2] of U_MUX8 on F.Cu
[unconnected_items]: Missing connection between items
    Local override; error
    @(48.5000 mm, 5.5000 mm): PTH pad 2 [MUX16_CH4] of RV3
    @(64.8500 mm, 49.5950 mm): Pad 5 [MUX16_CH4] of U_MUX16 on F.Cu
[unconnected_items]: Missing connection between items
    Local override; error
    @(14.5000 mm, 3.5250 mm): Pad 1 [LED_3_K] of D3 on F.Cu
    @(14.5000 mm, 7.5000 mm): Pad 1 [LED_3_K] of R_LED3 on F.Cu
[unconnected_items]: Missing connection between items
    Local override; error
    @(11.5250 mm, 33.1750 mm): Pad 15 [LED_3] of U_SR2 on F.Cu
    @(14.5000 mm, 1.4750 mm): Pad 2 [LED_3] of D3 on F.Cu
[unconnected_items]: Missing connection between items
    Local override; error
    @(56.1200 mm, 41.2375 mm): Pad 1 [MUX8_COM] of C_COM8 on F.Cu
    @(56.1200 mm, 43.5000 mm): Pad 1 [MUX8_COM] of TP_COM8 on F.Cu
[unconnected_items]: Missing connection between items
    Local override; error
    @(56.1200 mm, 43.5000 mm): Pad 1 [MUX8_COM] of TP_COM8 on F.Cu
    @(56.1250 mm, 49.0950 mm): Pad 3 [MUX8_COM] of U_MUX8 on F.Cu
[unconnected_items]: Missing connection between items
    Local override; error
    @(58.4000 mm, 40.2000 mm): Pad 1 [MUX8_COM] of R_S8 on F.Cu
    @(56.1200 mm, 41.2375 mm): Pad 1 [MUX8_COM] of C_COM8 on F.Cu
[unconnected_items]: Missing connection between items
    Local override; error
    @(9.5000 mm, 3.5250 mm): Pad 1 [LED_1_K] of D1 on F.Cu
    @(9.5000 mm, 7.5000 mm): Pad 1 [LED_1_K] of R_LED1 on F.Cu
[unconnected_items]: Missing connection between items
    Local override; error
    @(9.5000 mm, 1.4750 mm): Pad 2 [LED_1] of D1 on F.Cu
    @(16.4750 mm, 12.5950 mm): Pad 6 [LED_1] of U_SR1 on F.Cu
[unconnected_items]: Missing connection between items
    Local override; error
    @(12.0000 mm, 3.5250 mm): Pad 1 [LED_2_K] of D2 on F.Cu
    @(12.0000 mm, 7.5000 mm): Pad 1 [LED_2_K] of R_LED2 on F.Cu
[unconnected_items]: Missing connection between items
    Local override; error
    @(12.0000 mm, 1.4750 mm): Pad 2 [LED_2] of D2 on F.Cu
    @(16.4750 mm, 11.3250 mm): Pad 7 [LED_2] of U_SR1 on F.Cu
[unconnected_items]: Missing connection between items
    Local override; error
    @(66.0800 mm, 35.2700 mm): PTH pad A1 [-12V] of U_SM
    @(73.9625 mm, 36.8000 mm): Pad 1 [-12V] of C_BN12 on F.Cu
[unconnected_items]: Missing connection between items
    Local override; error
    @(72.0000 mm, 19.5000 mm): PTH pad 1 [-12V] of J_PWR
    @(66.0800 mm, 35.2700 mm): PTH pad A1 [-12V] of U_SM
[unconnected_items]: Missing connection between items
    Local override; error
    @(74.5400 mm, 19.5000 mm): PTH pad 2 [-12V] of J_PWR
    @(72.0000 mm, 19.5000 mm): PTH pad 1 [-12V] of J_PWR
[unconnected_items]: Missing connection between items
    Local override; error
    @(63.5400 mm, 35.2700 mm): PTH pad A2 [SENSE_ADC9_MUX16] of U_SM
    @(71.8000 mm, 41.0000 mm): Pad 2 [SENSE_ADC9_MUX16] of R_S16 on F.Cu
[unconnected_items]: Missing connection between items
    Local override; error
    @(60.4000 mm, 40.2000 mm): Pad 2 [SENSE_ADC10_MUX8] of R_S8 on F.Cu
    @(61.0000 mm, 35.2700 mm): PTH pad A3 [SENSE_ADC10_MUX8] of U_SM
[unconnected_items]: Missing connection between items
    Local override; error
    @(4.7300 mm, 38.0800 mm): PTH pad B1 [AUDIO_OUT_R] of U_SM
    @(10.9000 mm, 42.0000 mm): PTH pad R [AUDIO_OUT_R] of J_AUDIO
[unconnected_items]: Missing connection between items
    Local override; error
    @(4.5000 mm, 56.0000 mm): Pad 1 [AUDIO_OUT_L] of TP_AUDIO_L on F.Cu
    @(6.1000 mm, 51.5000 mm): PTH pad T [AUDIO_OUT_L] of J_AUDIO
[unconnected_items]: Missing connection between items
    Local override; error
    @(6.1000 mm, 51.5000 mm): PTH pad T [AUDIO_OUT_L] of J_AUDIO
    @(4.7300 mm, 35.5400 mm): PTH pad B2 [AUDIO_OUT_L] of U_SM
[unconnected_items]: Missing connection between items
    Local override; error
    @(7.2700 mm, 30.4600 mm): PTH pad B7 [SR_DATA_OUT] of U_SM
    @(11.5250 mm, 16.4050 mm): Pad 14 [SR_DATA_OUT] of U_SR1 on F.Cu
[unconnected_items]: Missing connection between items
    Local override; error
    @(7.2700 mm, 33.0000 mm): PTH pad B8 [SR_CLK] of U_SM
    @(11.5250 mm, 28.0950 mm): Pad 11 [SR_CLK] of U_SR2 on F.Cu
[unconnected_items]: Missing connection between items
    Local override; error
    @(11.5250 mm, 28.0950 mm): Pad 11 [SR_CLK] of U_SR2 on F.Cu
    @(21.0250 mm, 17.3250 mm): Pad 2 [SR_CLK] of U_IN1 on F.Cu
[unconnected_items]: Missing connection between items
    Local override; error
    @(21.0250 mm, 17.3250 mm): Pad 2 [SR_CLK] of U_IN1 on F.Cu
    @(11.5250 mm, 12.5950 mm): Pad 11 [SR_CLK] of U_SR1 on F.Cu
[unconnected_items]: Missing connection between items
    Local override; error
    @(78.5000 mm, 11.5000 mm): Pad 1 [SR_CLK] of TP_CLK on F.Cu
    @(21.0250 mm, 17.3250 mm): Pad 2 [SR_CLK] of U_IN1 on F.Cu
[unconnected_items]: Missing connection between items
    Local override; error
    @(11.5250 mm, 13.8650 mm): Pad 12 [SR_LATCH] of U_SR1 on F.Cu
    @(11.5250 mm, 29.3650 mm): Pad 12 [SR_LATCH] of U_SR2 on F.Cu
[unconnected_items]: Missing connection between items
    Local override; error
    @(21.0250 mm, 16.0550 mm): Pad 1 [SR_LATCH] of U_IN1 on F.Cu
    @(11.5250 mm, 13.8650 mm): Pad 12 [SR_LATCH] of U_SR1 on F.Cu
[unconnected_items]: Missing connection between items
    Local override; error
    @(21.0250 mm, 16.0550 mm): Pad 1 [SR_LATCH] of U_IN1 on F.Cu
    @(66.0800 mm, 7.2700 mm): PTH pad D1 [SR_LATCH] of U_SM
[unconnected_items]: Missing connection between items
    Local override; error
    @(61.0000 mm, 4.7300 mm): PTH pad D8 [SENSE_ADC11_TP] of U_SM
    @(69.5000 mm, 11.5000 mm): Pad 1 [SENSE_ADC11_TP] of TP_ADC11 on F.Cu
[unconnected_items]: Missing connection between items
    Local override; error
    @(25.9750 mm, 24.9450 mm): Pad 9 [SR_DATA_IN] of U_IN1 on F.Cu
    @(66.0800 mm, 4.7300 mm): PTH pad D10 [SR_DATA_IN] of U_SM
[unconnected_items]: Missing connection between items
    Local override; error
    @(49.0000 mm, 33.6000 mm): Pad 1 [MUX8_CH6] of R_REFC2 on F.Cu
    @(47.0000 mm, 33.6000 mm): Pad 2 [MUX8_CH6] of R_REFC1 on F.Cu
[unconnected_items]: Missing connection between items
    Local override; error
    @(56.1250 mm, 47.8250 mm): Pad 2 [MUX8_CH6] of U_MUX8 on F.Cu
    @(49.0000 mm, 33.6000 mm): Pad 1 [MUX8_CH6] of R_REFC2 on F.Cu
[unconnected_items]: Missing connection between items
    Local override; error
    @(17.0000 mm, 58.5000 mm): Pad 2 [MUX16_CH1] of R_HI1 on F.Cu
    @(64.8500 mm, 53.4050 mm): Pad 8 [MUX16_CH1] of U_MUX16 on F.Cu
[unconnected_items]: Missing connection between items
    Local override; error
    @(30.5000 mm, 58.5000 mm): Pad 2 [MUX16_CH7] of R_LO2 on F.Cu
    @(64.8500 mm, 45.7850 mm): Pad 2 [MUX16_CH7] of U_MUX16 on F.Cu
[unconnected_items]: Missing connection between items
    Local override; error
    @(35.0000 mm, 44.5000 mm): PTH pad 2 [MUX16_CH6] of RV4
    @(64.8500 mm, 47.0550 mm): Pad 3 [MUX16_CH6] of U_MUX16 on F.Cu
[unconnected_items]: Missing connection between items
    Local override; error
    @(26.0000 mm, 58.5000 mm): Pad 2 [MUX16_CH5] of R_HI2 on F.Cu
    @(64.8500 mm, 48.3250 mm): Pad 4 [MUX16_CH5] of U_MUX16 on F.Cu
[unconnected_items]: Missing connection between items
    Local override; error
    @(21.5000 mm, 58.5000 mm): Pad 2 [MUX16_CH3] of R_LO1 on F.Cu
    @(64.8500 mm, 50.8650 mm): Pad 6 [MUX16_CH3] of U_MUX16 on F.Cu
[unconnected_items]: Missing connection between items
    Local override; error
    @(21.9500 mm, 44.5000 mm): PTH pad 2 [MUX16_CH2] of RV2
    @(64.8500 mm, 52.1350 mm): Pad 7 [MUX16_CH2] of U_MUX16 on F.Cu
[unconnected_items]: Missing connection between items
    Local override; error
    @(61.0750 mm, 52.9050 mm): Pad 11 [MUX_A0] of U_MUX8 on F.Cu
    @(11.5250 mm, 17.6750 mm): Pad 15 [MUX_A0] of U_SR1 on F.Cu
[unconnected_items]: Missing connection between items
    Local override; error
    @(64.8500 mm, 55.9450 mm): Pad 10 [MUX_A0] of U_MUX16 on F.Cu
    @(61.0750 mm, 52.9050 mm): Pad 11 [MUX_A0] of U_MUX8 on F.Cu
[unconnected_items]: Missing connection between items
    Local override; error
    @(61.0750 mm, 54.1750 mm): Pad 10 [MUX_A1] of U_MUX8 on F.Cu
    @(16.4750 mm, 18.9450 mm): Pad 1 [MUX_A1] of U_SR1 on F.Cu
[unconnected_items]: Missing connection between items
    Local override; error
    @(64.8500 mm, 57.2150 mm): Pad 11 [MUX_A1] of U_MUX16 on F.Cu
    @(61.0750 mm, 54.1750 mm): Pad 10 [MUX_A1] of U_MUX8 on F.Cu
[unconnected_items]: Missing connection between items
    Local override; error
    @(16.4750 mm, 16.4050 mm): Pad 3 [MUX_A3] of U_SR1 on F.Cu
    @(74.1500 mm, 58.4850 mm): Pad 13 [MUX_A3] of U_MUX16 on F.Cu
[unconnected_items]: Missing connection between items
    Local override; error
    @(16.4750 mm, 17.6750 mm): Pad 2 [MUX_A2] of U_SR1 on F.Cu
    @(61.0750 mm, 55.4450 mm): Pad 9 [MUX_A2] of U_MUX8 on F.Cu
[unconnected_items]: Missing connection between items
    Local override; error
    @(61.0750 mm, 55.4450 mm): Pad 9 [MUX_A2] of U_MUX8 on F.Cu
    @(74.1500 mm, 57.2150 mm): Pad 14 [MUX_A2] of U_MUX16 on F.Cu
[unconnected_items]: Missing connection between items
    Local override; error
    @(16.4750 mm, 15.1350 mm): Pad 4 [MUX16_EN_N] of U_SR1 on F.Cu
    @(74.1500 mm, 55.9450 mm): Pad 15 [MUX16_EN_N] of U_MUX16 on F.Cu
[unconnected_items]: Missing connection between items
    Local override; error
    @(27.0000 mm, 41.5000 mm): Pad 2 [MUX16_CH14] of R_SP14 on F.Cu
    @(74.1500 mm, 53.4050 mm): Pad 17 [MUX16_CH14] of U_MUX16 on F.Cu
[unconnected_items]: Missing connection between items
    Local override; error
    @(21.0000 mm, 41.5000 mm): Pad 2 [MUX16_CH13] of R_SP13 on F.Cu
    @(74.1500 mm, 52.1350 mm): Pad 18 [MUX16_CH13] of U_MUX16 on F.Cu
[unconnected_items]: Missing connection between items
    Local override; error
    @(39.0000 mm, 36.6000 mm): Pad 2 [MUX16_CH12] of R_SP12 on F.Cu
    @(74.1500 mm, 50.8650 mm): Pad 19 [MUX16_CH12] of U_MUX16 on F.Cu
[unconnected_items]: Missing connection between items
    Local override; error
    @(35.0000 mm, 36.6000 mm): Pad 2 [MUX16_CH11] of R_SP11 on F.Cu
    @(74.1500 mm, 49.5950 mm): Pad 20 [MUX16_CH11] of U_MUX16 on F.Cu
[unconnected_items]: Missing connection between items
    Local override; error
    @(31.0000 mm, 36.6000 mm): Pad 2 [MUX16_CH10] of R_SP10 on F.Cu
    @(74.1500 mm, 48.3250 mm): Pad 21 [MUX16_CH10] of U_MUX16 on F.Cu
[unconnected_items]: Missing connection between items
    Local override; error
    @(33.0000 mm, 33.6000 mm): Pad 1 [MUX16_CH8] of R_REFA2 on F.Cu
    @(31.0000 mm, 33.6000 mm): Pad 2 [MUX16_CH8] of R_REFA1 on F.Cu
[unconnected_items]: Missing connection between items
    Local override; error
    @(74.1500 mm, 45.7850 mm): Pad 23 [MUX16_CH8] of U_MUX16 on F.Cu
    @(33.0000 mm, 33.6000 mm): Pad 1 [MUX16_CH8] of R_REFA2 on F.Cu
[unconnected_items]: Missing connection between items
    Local override; error
    @(44.0000 mm, 58.5000 mm): Pad 2 [MUX8_CH5] of R_HI4 on F.Cu
    @(56.1250 mm, 51.6350 mm): Pad 5 [MUX8_CH5] of U_MUX8 on F.Cu
[unconnected_items]: Missing connection between items
    Local override; error
    @(16.4750 mm, 34.4450 mm): Pad 1 [LED_4] of U_SR2 on F.Cu
    @(17.0000 mm, 1.4750 mm): Pad 2 [LED_4] of D4 on F.Cu
[unconnected_items]: Missing connection between items
    Local override; error
    @(16.4750 mm, 31.9050 mm): Pad 3 [LED_6] of U_SR2 on F.Cu
    @(22.0000 mm, 1.4750 mm): Pad 2 [LED_6] of D6 on F.Cu
[unconnected_items]: Missing connection between items
    Local override; error
    @(16.4750 mm, 30.6350 mm): Pad 4 [LED_7] of U_SR2 on F.Cu
    @(24.5000 mm, 1.4750 mm): Pad 2 [LED_7] of D7 on F.Cu
[unconnected_items]: Missing connection between items
    Local override; error
    @(11.5250 mm, 10.0550 mm): Pad 9 [SR1_TO_SR2] of U_SR1 on F.Cu
    @(11.5250 mm, 31.9050 mm): Pad 14 [SR1_TO_SR2] of U_SR2 on F.Cu
[unconnected_items]: Missing connection between items
    Local override; error
    @(48.5000 mm, 19.5000 mm): PTH pad 2 [MUX8_CH4] of RV7
    @(56.1250 mm, 46.5550 mm): Pad 1 [MUX8_CH4] of U_MUX8 on F.Cu
[unconnected_items]: Missing connection between items
    Local override; error
    @(48.5000 mm, 58.5000 mm): Pad 2 [MUX8_CH7] of R_LO4 on F.Cu
    @(56.1250 mm, 50.3650 mm): Pad 4 [MUX8_CH7] of U_MUX8 on F.Cu
[unconnected_items]: Missing connection between items
    Local override; error
    @(16.4750 mm, 13.8650 mm): Pad 5 [MUX8_EN_N] of U_SR1 on F.Cu
    @(56.1250 mm, 52.9050 mm): Pad 6 [MUX8_EN_N] of U_MUX8 on F.Cu
[unconnected_items]: Missing connection between items
    Local override; error
    @(39.5000 mm, 58.5000 mm): Pad 2 [MUX8_CH3] of R_LO3 on F.Cu
    @(61.0750 mm, 51.6350 mm): Pad 12 [MUX8_CH3] of U_MUX8 on F.Cu
[unconnected_items]: Missing connection between items
    Local override; error
    @(35.5000 mm, 19.5000 mm): PTH pad 2 [MUX8_CH0] of RV5
    @(61.0750 mm, 50.3650 mm): Pad 13 [MUX8_CH0] of U_MUX8 on F.Cu
[unconnected_items]: Missing connection between items
    Local override; error
    @(22.0000 mm, 3.5250 mm): Pad 1 [LED_6_K] of D6 on F.Cu
    @(22.0000 mm, 7.5000 mm): Pad 1 [LED_6_K] of R_LED6 on F.Cu
[unconnected_items]: Missing connection between items
    Local override; error
    @(17.0000 mm, 3.5250 mm): Pad 1 [LED_4_K] of D4 on F.Cu
    @(17.0000 mm, 7.5000 mm): Pad 1 [LED_4_K] of R_LED4 on F.Cu

** Found 0 Footprint errors **

** Ignored checks **
    - Footprint has no courtyard defined
    - Track endpoint not centered on via
    - Tuning profile track geometries
    - Footprint doesn't match symbol's footprint filters
    - Footprint component type doesn't match footprint pads

** End of Report **
